Component: Arm Compiler for Embedded 6.21 Tool: armlink [5ec1fa00]

==============================================================================

Section Cross References

    main.o(.text.main) refers to sdcard.o(.text.InitSdcard) for InitSdcard
    main.o(.text.main) refers to main.o(.rodata.str1.1) for .L.str
    main.o(.text.main) refers to sdcard.o(.text.SdcardWriteAction) for SdcardWriteAction
    main.o(.ARM.exidx.text.main) refers to main.o(.text.main) for [Anonymous Symbol]
    sdcard.o(.text.clearBuffer) refers to sdcard.o(.bss.Buffer) for Buffer
    sdcard.o(.ARM.exidx.text.clearBuffer) refers to sdcard.o(.text.clearBuffer) for [Anonymous Symbol]
    sdcard.o(.text.insertBuffer) refers to sdcard.o(.bss.Buffer) for Buffer
    sdcard.o(.text.insertBuffer) refers to sdcard.o(.rodata.str1.1) for .L.str
    sdcard.o(.text.insertBuffer) refers to sprintf.o(.text) for sprintf
    sdcard.o(.ARM.exidx.text.insertBuffer) refers to sdcard.o(.text.insertBuffer) for [Anonymous Symbol]
    sdcard.o(.text.InitSdcard) refers to gpio.o(.text.initGpio) for initGpio
    sdcard.o(.text.InitSdcard) refers to spi.o(.text.initSpi) for initSpi
    sdcard.o(.text.InitSdcard) refers to fatfs.o(.text.MX_FATFS_Init) for MX_FATFS_Init
    sdcard.o(.ARM.exidx.text.InitSdcard) refers to sdcard.o(.text.InitSdcard) for [Anonymous Symbol]
    sdcard.o(.text._mountSdcard) refers to sdcard.o(.bss.state_mount) for state_mount
    sdcard.o(.text._mountSdcard) refers to sdcard.o(.bss.fatfs) for fatfs
    sdcard.o(.text._mountSdcard) refers to sdcard.o(.rodata.str1.1) for .L.str.1
    sdcard.o(.text._mountSdcard) refers to ff.o(.text.f_mount) for f_mount
    sdcard.o(.text._mountSdcard) refers to sdcard.o(.text.sdcardErrorHandle) for sdcardErrorHandle
    sdcard.o(.text._mountSdcard) refers to sdcard.o(.bss.state_unmount) for state_unmount
    sdcard.o(.ARM.exidx.text._mountSdcard) refers to sdcard.o(.text._mountSdcard) for [Anonymous Symbol]
    sdcard.o(.ARM.exidx.text.sdcardErrorHandle) refers to sdcard.o(.text.sdcardErrorHandle) for [Anonymous Symbol]
    sdcard.o(.text._unmountSdcard) refers to sdcard.o(.bss.state_unmount) for state_unmount
    sdcard.o(.text._unmountSdcard) refers to sdcard.o(.rodata.str1.1) for .L.str.1
    sdcard.o(.text._unmountSdcard) refers to ff.o(.text.f_mount) for f_mount
    sdcard.o(.text._unmountSdcard) refers to sdcard.o(.text.sdcardErrorHandle) for sdcardErrorHandle
    sdcard.o(.text._unmountSdcard) refers to sdcard.o(.bss.state_mount) for state_mount
    sdcard.o(.ARM.exidx.text._unmountSdcard) refers to sdcard.o(.text._unmountSdcard) for [Anonymous Symbol]
    sdcard.o(.text._writeString) refers to ff.o(.text.f_puts) for f_puts
    sdcard.o(.ARM.exidx.text._writeString) refers to sdcard.o(.text._writeString) for [Anonymous Symbol]
    sdcard.o(.ARM.exidx.text._readString) refers to sdcard.o(.text._readString) for [Anonymous Symbol]
    sdcard.o(.text._openfile) refers to ff.o(.text.f_open) for f_open
    sdcard.o(.text._openfile) refers to sdcard.o(.rodata.str1.1) for .L.str.4
    sdcard.o(.text._openfile) refers to sdcard.o(.text.sdcardErrorHandle) for sdcardErrorHandle
    sdcard.o(.ARM.exidx.text._openfile) refers to sdcard.o(.text._openfile) for [Anonymous Symbol]
    sdcard.o(.text._closefile) refers to ff.o(.text.f_close) for f_close
    sdcard.o(.text._closefile) refers to sdcard.o(.rodata.str1.1) for .L.str.7
    sdcard.o(.text._closefile) refers to sdcard.o(.text.sdcardErrorHandle) for sdcardErrorHandle
    sdcard.o(.ARM.exidx.text._closefile) refers to sdcard.o(.text._closefile) for [Anonymous Symbol]
    sdcard.o(.text.getSpaceInfo) refers to sdcard.o(.rodata.str1.1) for .L.str.1
    sdcard.o(.text.getSpaceInfo) refers to sdcard.o(.bss.pfatfs) for pfatfs
    sdcard.o(.text.getSpaceInfo) refers to ff.o(.text.f_getfree) for f_getfree
    sdcard.o(.text.getSpaceInfo) refers to sdcard.o(.text.sdcardErrorHandle) for sdcardErrorHandle
    sdcard.o(.text.getSpaceInfo) refers to dflt_clz.o(x$fpl$dfltu) for __aeabi_ui2d
    sdcard.o(.text.getSpaceInfo) refers to dmul.o(x$fpl$dmul) for __aeabi_dmul
    sdcard.o(.text.getSpaceInfo) refers to dfixu.o(x$fpl$dfixu) for __aeabi_d2uiz
    sdcard.o(.ARM.exidx.text.getSpaceInfo) refers to sdcard.o(.text.getSpaceInfo) for [Anonymous Symbol]
    sdcard.o(.text._makeDirectory) refers to sdcard.o(.text._mountSdcard) for _mountSdcard
    sdcard.o(.text._makeDirectory) refers to ff.o(.text.f_mkdir) for f_mkdir
    sdcard.o(.text._makeDirectory) refers to sdcard.o(.rodata.str1.1) for .L.str.8
    sdcard.o(.text._makeDirectory) refers to sdcard.o(.text.sdcardErrorHandle) for sdcardErrorHandle
    sdcard.o(.text._makeDirectory) refers to sdcard.o(.text._unmountSdcard) for _unmountSdcard
    sdcard.o(.ARM.exidx.text._makeDirectory) refers to sdcard.o(.text._makeDirectory) for [Anonymous Symbol]
    sdcard.o(.text.getFileState) refers to ff.o(.text.f_stat) for f_stat
[...]
    [Anonymous Symbol]                       0x08002100   Section        0  fatfs_sd.o(.text.SPI_RxByte)
    SPI_RxBytePtr                            0x08002125   Thumb Code    18  fatfs_sd.o(.text.SPI_RxBytePtr)
    [Anonymous Symbol]                       0x08002124   Section        0  fatfs_sd.o(.text.SPI_RxBytePtr)
    SPI_TxByte                               0x08002139   Thumb Code    20  fatfs_sd.o(.text.SPI_TxByte)
    [Anonymous Symbol]                       0x08002138   Section        0  fatfs_sd.o(.text.SPI_TxByte)
    [Anonymous Symbol]                       0x0800214c   Section        0  sdcard.o(.text.SdcardWriteAction)
    SetSysClock                              0x080021c1   Thumb Code     8  system_stm32f10x.o(.text.SetSysClock)
    [Anonymous Symbol]                       0x080021c0   Section        0  system_stm32f10x.o(.text.SetSysClock)
    SetSysClockTo72                          0x080021c9   Thumb Code   290  system_stm32f10x.o(.text.SetSysClockTo72)
    [Anonymous Symbol]                       0x080021c8   Section        0  system_stm32f10x.o(.text.SetSysClockTo72)
    [Anonymous Symbol]                       0x080022ec   Section        0  spi.o(.text.SpiCsHigh)
    [Anonymous Symbol]                       0x080022fc   Section        0  spi.o(.text.SpiCsLow)
    [Anonymous Symbol]                       0x0800230c   Section        0  spi.o(.text.SpiTransceiveByte)
    [Anonymous Symbol]                       0x08002344   Section        0  delay.o(.text.SysTick_Handler)
    [Anonymous Symbol]                       0x08002364   Section        0  system_stm32f10x.o(.text.SystemInit)
    [Anonymous Symbol]                       0x080023cc   Section        0  user_diskio.o(.text.USER_initialize)
    [Anonymous Symbol]                       0x080023e0   Section        0  user_diskio.o(.text.USER_ioctl)
    [Anonymous Symbol]                       0x08002400   Section        0  user_diskio.o(.text.USER_read)
    [Anonymous Symbol]                       0x08002420   Section        0  user_diskio.o(.text.USER_status)
    [Anonymous Symbol]                       0x08002434   Section        0  user_diskio.o(.text.USER_write)
    [Anonymous Symbol]                       0x08002454   Section        0  sdcard.o(.text._closefile)
    [Anonymous Symbol]                       0x08002478   Section        0  sdcard.o(.text._mountSdcard)
    [Anonymous Symbol]                       0x080024e0   Section        0  sdcard.o(.text._openfile)
    [Anonymous Symbol]                       0x08002574   Section        0  sdcard.o(.text._unmountSdcard)
    [Anonymous Symbol]                       0x080025d8   Section        0  sdcard.o(.text._writeString)
    check_fs                                 0x080025ed   Thumb Code   196  ff.o(.text.check_fs)
    [Anonymous Symbol]                       0x080025ec   Section        0  ff.o(.text.check_fs)
    chk_chr                                  0x080026b1   Thumb Code    60  ff.o(.text.chk_chr)
    [Anonymous Symbol]                       0x080026b0   Section        0  ff.o(.text.chk_chr)
    chk_lock                                 0x080026ed   Thumb Code   284  ff.o(.text.chk_lock)
    [Anonymous Symbol]                       0x080026ec   Section        0  ff.o(.text.chk_lock)
    [Anonymous Symbol]                       0x08002808   Section        0  sdcard.o(.text.clearBuffer)
    clear_lock                               0x08002839   Thumb Code    80  ff.o(.text.clear_lock)
    [Anonymous Symbol]                       0x08002838   Section        0  ff.o(.text.clear_lock)
    clmt_clust                               0x08002889   Thumb Code   120  ff.o(.text.clmt_clust)
    [Anonymous Symbol]                       0x08002888   Section        0  ff.o(.text.clmt_clust)
    [Anonymous Symbol]                       0x08002900   Section        0  ff.o(.text.clust2sect)
    cmp_lfn                                  0x08002945   Thumb Code   218  ff.o(.text.cmp_lfn)
    [Anonymous Symbol]                       0x08002944   Section        0  ff.o(.text.cmp_lfn)
    create_chain                             0x08002a21   Thumb Code   366  ff.o(.text.create_chain)
    [Anonymous Symbol]                       0x08002a20   Section        0  ff.o(.text.create_chain)
    create_name                              0x08002b91   Thumb Code  1094  ff.o(.text.create_name)
    [Anonymous Symbol]                       0x08002b90   Section        0  ff.o(.text.create_name)
    dec_lock                                 0x08002fd9   Thumb Code   158  ff.o(.text.dec_lock)
    [Anonymous Symbol]                       0x08002fd8   Section        0  ff.o(.text.dec_lock)
    dir_alloc                                0x08003079   Thumb Code   172  ff.o(.text.dir_alloc)
    [Anonymous Symbol]                       0x08003078   Section        0  ff.o(.text.dir_alloc)
    dir_find                                 0x08003125   Thumb Code   478  ff.o(.text.dir_find)
    [Anonymous Symbol]                       0x08003124   Section        0  ff.o(.text.dir_find)
    dir_next                                 0x08003305   Thumb Code   622  ff.o(.text.dir_next)
    [Anonymous Symbol]                       0x08003304   Section        0  ff.o(.text.dir_next)
    dir_register                             0x08003575   Thumb Code   586  ff.o(.text.dir_register)
    [Anonymous Symbol]                       0x08003574   Section        0  ff.o(.text.dir_register)
    dir_sdi                                  0x080037c1   Thumb Code   408  ff.o(.text.dir_sdi)
    [Anonymous Symbol]                       0x080037c0   Section        0  ff.o(.text.dir_sdi)
    [Anonymous Symbol]                       0x08003958   Section        0  diskio.o(.text.disk_initialize)
    [Anonymous Symbol]                       0x080039a8   Section        0  diskio.o(.text.disk_ioctl)
    [Anonymous Symbol]                       0x080039e4   Section        0  diskio.o(.text.disk_read)
    [Anonymous Symbol]                       0x08003a20   Section        0  diskio.o(.text.disk_status)
    [Anonymous Symbol]                       0x08003a50   Section        0  diskio.o(.text.disk_write)
    enq_lock                                 0x08003a8d   Thumb Code    78  ff.o(.text.enq_lock)
    [Anonymous Symbol]                       0x08003a8c   Section        0  ff.o(.text.enq_lock)
    [Anonymous Symbol]                       0x08003adc   Section        0  ff.o(.text.f_close)
    [Anonymous Symbol]                       0x08003b38   Section        0  ff.o(.text.f_lseek)
    [Anonymous Symbol]                       0x08004104   Section        0  ff.o(.text.f_mount)
    [Anonymous Symbol]                       0x080041b0   Section        0  ff.o(.text.f_open)
    [Anonymous Symbol]                       0x080045e8   Section        0  ff.o(.text.f_puts)
    [Anonymous Symbol]                       0x08004650   Section        0  ff.o(.text.f_sync)
    [Anonymous Symbol]                       0x080047a4   Section        0  ff.o(.text.f_write)
    [Anonymous Symbol]                       0x08004bcc   Section        0  unicode.o(.text.ff_convert)
    [Anonymous Symbol]                       0x08004c78   Section        0  unicode.o(.text.ff_wtoupper)
    find_volume                              0x08004cfd   Thumb Code  1404  ff.o(.text.find_volume)
    [Anonymous Symbol]                       0x08004cfc   Section        0  ff.o(.text.find_volume)
    fit_lfn                                  0x08005279   Thumb Code   212  ff.o(.text.fit_lfn)
    [Anonymous Symbol]                       0x08005278   Section        0  ff.o(.text.fit_lfn)
    follow_path                              0x0800534d   Thumb Code   252  ff.o(.text.follow_path)
    [Anonymous Symbol]                       0x0800534c   Section        0  ff.o(.text.follow_path)
    gen_numname                              0x08005449   Thumb Code   328  ff.o(.text.gen_numname)
    [Anonymous Symbol]                       0x08005448   Section        0  ff.o(.text.gen_numname)
    [Anonymous Symbol]                       0x08005590   Section        0  ff.o(.text.get_fat)
    [Anonymous Symbol]                       0x08005720   Section        0  fatfs.o(.text.get_fattime)
    get_ldnumber                             0x08005725   Thumb Code   168  ff.o(.text.get_ldnumber)
    [Anonymous Symbol]                       0x08005724   Section        0  ff.o(.text.get_ldnumber)
    inc_lock                                 0x080057cd   Thumb Code   412  ff.o(.text.inc_lock)
    [Anonymous Symbol]                       0x080057cc   Section        0  ff.o(.text.inc_lock)
    [Anonymous Symbol]                       0x08005968   Section        0  gpio.o(.text.initGpio)
    [Anonymous Symbol]                       0x080059c4   Section        0  spi.o(.text.initSpi)
    [Anonymous Symbol]                       0x08005a6c   Section        0  sdcard.o(.text.insertBuffer)
    ld_clust                                 0x08005a8d   Thumb Code    52  ff.o(.text.ld_clust)
    [Anonymous Symbol]                       0x08005a8c   Section        0  ff.o(.text.ld_clust)
    [Anonymous Symbol]                       0x08005ac0   Section        0  main.o(.text.main)
    mem_cmp                                  0x08005ae5   Thumb Code    82  ff.o(.text.mem_cmp)
    [Anonymous Symbol]                       0x08005ae4   Section        0  ff.o(.text.mem_cmp)
    mem_cpy                                  0x08005b39   Thumb Code    50  ff.o(.text.mem_cpy)
    [Anonymous Symbol]                       0x08005b38   Section        0  ff.o(.text.mem_cpy)
    mem_set                                  0x08005b6d   Thumb Code    40  ff.o(.text.mem_set)
    [Anonymous Symbol]                       0x08005b6c   Section        0  ff.o(.text.mem_set)
    move_window                              0x08005b95   Thumb Code   104  ff.o(.text.move_window)
    [Anonymous Symbol]                       0x08005b94   Section        0  ff.o(.text.move_window)
    [Anonymous Symbol]                       0x08005bfc   Section        0  ff.o(.text.put_fat)
    putc_bfd                                 0x08005e39   Thumb Code   122  ff.o(.text.putc_bfd)
    [Anonymous Symbol]                       0x08005e38   Section        0  ff.o(.text.putc_bfd)
    remove_chain                             0x08005eb5   Thumb Code   196  ff.o(.text.remove_chain)
    [Anonymous Symbol]                       0x08005eb4   Section        0  ff.o(.text.remove_chain)
    [Anonymous Symbol]                       0x08005f78   Section        0  sdcard.o(.text.sdcardErrorHandle)
    st_clust                                 0x08005f85   Thumb Code    40  ff.o(.text.st_clust)
    [Anonymous Symbol]                       0x08005f84   Section        0  ff.o(.text.st_clust)
    sum_sfn                                  0x08005fad   Thumb Code    62  ff.o(.text.sum_sfn)
    [Anonymous Symbol]                       0x08005fac   Section        0  ff.o(.text.sum_sfn)
    sync_fs                                  0x08005fed   Thumb Code   310  ff.o(.text.sync_fs)
    [Anonymous Symbol]                       0x08005fec   Section        0  ff.o(.text.sync_fs)
    sync_window                              0x08006125   Thumb Code   172  ff.o(.text.sync_window)
    [Anonymous Symbol]                       0x08006124   Section        0  ff.o(.text.sync_window)
    validate                                 0x080061d1   Thumb Code   116  ff.o(.text.validate)
    [Anonymous Symbol]                       0x080061d0   Section        0  ff.o(.text.validate)
    CL$$btod_d2e                             0x08006244   Section       62  btod.o(CL$$btod_d2e)
    CL$$btod_d2e_denorm_low                  0x08006282   Section       70  btod.o(CL$$btod_d2e_denorm_low)
    CL$$btod_d2e_norm_op1                    0x080062c8   Section       96  btod.o(CL$$btod_d2e_norm_op1)
    CL$$btod_div_common                      0x08006328   Section      824  btod.o(CL$$btod_div_common)
    CL$$btod_e2e                             0x08006660   Section      220  btod.o(CL$$btod_e2e)
    CL$$btod_ediv                            0x0800673c   Section       42  btod.o(CL$$btod_ediv)
    CL$$btod_emul                            0x08006766   Section       42  btod.o(CL$$btod_emul)
    CL$$btod_mult_common                     0x08006790   Section      580  btod.o(CL$$btod_mult_common)
    i.__ARM_fpclassify                       0x080069d4   Section        0  fpclassify.o(i.__ARM_fpclassify)
    i._is_digit                              0x080069fc   Section        0  __printf_wp.o(i._is_digit)
    locale$$code                             0x08006a0c   Section       44  lc_numeric_c.o(locale$$code)
    locale$$code                             0x08006a38   Section       44  lc_ctype_c.o(locale$$code)
    x$fpl$printf1                            0x08006a64   Section        4  printf1.o(x$fpl$printf1)
    x$fpl$printf2                            0x08006a68   Section        4  printf2.o(x$fpl$printf2)
    initial_mbstate                          0x08006a6c   Data           8  _printf_wctomb.o(.constdata)
    .constdata                               0x08006a6c   Section        8  _printf_wctomb.o(.constdata)
    x$fpl$usenofp                            0x08006a6c   Section        0  usenofp.o(x$fpl$usenofp)
    uc_hextab                                0x08006a74   Data          20  _printf_hex_int_ll_ptr.o(.constdata)
    .constdata                               0x08006a74   Section       40  _printf_hex_int_ll_ptr.o(.constdata)
    lc_hextab                                0x08006a88   Data          20  _printf_hex_int_ll_ptr.o(.constdata)
    maptable                                 0x08006a9c   Data          17  __printf_flags_ss_wp.o(.constdata)
    .constdata                               0x08006a9c   Section       17  __printf_flags_ss_wp.o(.constdata)
    lc_hextab                                0x08006aad   Data          19  _printf_fp_hex.o(.constdata)
    .constdata                               0x08006aad   Section       38  _printf_fp_hex.o(.constdata)
    uc_hextab                                0x08006ac0   Data          19  _printf_fp_hex.o(.constdata)
    tenpwrs_x                                0x08006ad4   Data          60  bigflt0.o(.constdata)
    .constdata                               0x08006ad4   Section      148  bigflt0.o(.constdata)
    tenpwrs_i                                0x08006b10   Data          64  bigflt0.o(.constdata)
    ExCvt                                    0x08006b68   Data         128  ff.o(.rodata.ExCvt)
    [Anonymous Symbol]                       0x08006b68   Section        0  ff.o(.rodata.ExCvt)
    LfnOfs                                   0x08006be8   Data          13  ff.o(.rodata.LfnOfs)
    [Anonymous Symbol]                       0x08006be8   Section        0  ff.o(.rodata.LfnOfs)
    Tbl                                      0x08006bf6   Data         256  unicode.o(.rodata.Tbl)
    [Anonymous Symbol]                       0x08006bf6   Section        0  unicode.o(.rodata.Tbl)
    ff_wtoupper.tbl_lower                    0x08006cf6   Data         480  unicode.o(.rodata.ff_wtoupper.tbl_lower)
    [Anonymous Symbol]                       0x08006cf6   Section        0  unicode.o(.rodata.ff_wtoupper.tbl_lower)
    ff_wtoupper.tbl_upper                    0x08006ed6   Data         480  unicode.o(.rodata.ff_wtoupper.tbl_upper)
    [Anonymous Symbol]                       0x08006ed6   Section        0  unicode.o(.rodata.ff_wtoupper.tbl_upper)
    .L.str.1                                 0x080070b6   Data           9  main.o(.rodata.str1.1)
    [Anonymous Symbol]                       0x080070b6   Section        0  main.o(.rodata.str1.1)
    .L.str                                   0x080070bf   Data           9  main.o(.rodata.str1.1)
    .L.str.2                                 0x080070c8   Data          23  sdcard.o(.rodata.str1.1)
    [Anonymous Symbol]                       0x080070c8   Section        0  sdcard.o(.rodata.str1.1)
    .L.str.3                                 0x080070df   Data          25  sdcard.o(.rodata.str1.1)
    .L.str.5                                 0x080070f8   Data          23  sdcard.o(.rodata.str1.1)
    .L.str.6                                 0x0800710f   Data          23  sdcard.o(.rodata.str1.1)
    .L.str.4                                 0x08007126   Data          25  sdcard.o(.rodata.str1.1)
    .L.str.7                                 0x0800713f   Data          21  sdcard.o(.rodata.str1.1)
    .L.str.8                                 0x08007158   Data          25  sdcard.o(.rodata.str1.1)
    .L.str                                   0x0800716d   Data           3  sdcard.o(.rodata.str1.1)
    .L.str.9                                 0x08007171   Data          20  sdcard.o(.rodata.str1.1)
    .L.str                                   0x08007184   Data          12  ff.o(.rodata.str1.1)
    [Anonymous Symbol]                       0x08007184   Section        0  ff.o(.rodata.str1.1)
    .L.str.1                                 0x08007190   Data          20  ff.o(.rodata.str1.1)
    .L.str.2                                 0x080071a4   Data          20  ff.o(.rodata.str1.1)
    .L.str.4                                 0x080071b8   Data           7  ff.o(.rodata.str1.1)
    .L.str.3                                 0x080071bf   Data           9  ff.o(.rodata.str1.1)
    .L.str.1                                 0x080071c7   Data           1  ff.o(.rodata.str1.1)
    locale$$data                             0x080071e8   Section       28  lc_numeric_c.o(locale$$data)
    __lcnum_c_name                           0x080071ec   Data           2  lc_numeric_c.o(locale$$data)
    __lcnum_c_start                          0x080071f4   Data           0  lc_numeric_c.o(locale$$data)
    __lcnum_c_point                          0x08007200   Data           0  lc_numeric_c.o(locale$$data)
    __lcnum_c_thousands                      0x08007202   Data           0  lc_numeric_c.o(locale$$data)
    __lcnum_c_grouping                       0x08007203   Data           0  lc_numeric_c.o(locale$$data)
    __lcnum_c_end                            0x08007204   Data           0  lc_numeric_c.o(locale$$data)
    locale$$data                             0x08007204   Section      272  lc_ctype_c.o(locale$$data)
    __lcctype_c_name                         0x08007208   Data           2  lc_ctype_c.o(locale$$data)
    __lcctype_c_start                        0x08007210   Data           0  lc_ctype_c.o(locale$$data)
    __lcctype_c_end                          0x08007314   Data           0  lc_ctype_c.o(locale$$data)
    Stat                                     0x20000000   Data           1  fatfs_sd.o(.data.Stat)
    [Anonymous Symbol]                       0x20000000   Section        0  fatfs_sd.o(.data.Stat)
    .bss                                     0x20000018   Section       96  libspace.o(.bss)
    CardType                                 0x20000278   Data           1  fatfs_sd.o(.bss.CardType)
    [Anonymous Symbol]                       0x20000278   Section        0  fatfs_sd.o(.bss.CardType)
    FatFs                                    0x2000027c   Data           4  ff.o(.bss.FatFs)
    [Anonymous Symbol]                       0x2000027c   Section        0  ff.o(.bss.FatFs)
    Files                                    0x20000280   Data          24  ff.o(.bss.Files)
    [Anonymous Symbol]                       0x20000280   Section        0  ff.o(.bss.Files)
    Fsid                                     0x20000298   Data           2  ff.o(.bss.Fsid)
    [Anonymous Symbol]                       0x20000298   Section        0  ff.o(.bss.Fsid)
    LfnBuf                                   0x2000029a   Data         512  ff.o(.bss.LfnBuf)
    [Anonymous Symbol]                       0x2000029a   Section        0  ff.o(.bss.LfnBuf)
    PowerFlag                                0x2000049a   Data           1  fatfs_sd.o(.bss.PowerFlag)
    [Anonymous Symbol]                       0x2000049a   Section        0  fatfs_sd.o(.bss.PowerFlag)
    usTicks                                  0x200014e4   Data           4  delay.o(.bss.usTicks)
    [Anonymous Symbol]                       0x200014e4   Section        0  delay.o(.bss.usTicks)
    Heap_Mem                                 0x200014e8   Data         512  startup_stm32f10x_md.o(HEAP)
    HEAP                                     0x200014e8   Section      512  startup_stm32f10x_md.o(HEAP)
    Stack_Mem                                0x200016e8   Data        1024  startup_stm32f10x_md.o(STACK)
    STACK                                    0x200016e8   Section     1024  startup_stm32f10x_md.o(STACK)
    __initial_sp                             0x20001ae8   Data           0  startup_stm32f10x_md.o(STACK)

    Global Symbols

    Symbol Name                              Value     Ov Type        Size  Object(Section)

    BuildAttributes$$THM_ISAv4$P$D$K$B$S$PE$A:L22UL41UL21$X:L11$S22US41US21$IEEE1$IW$~IW$USESV6$~STKCKD$USESV7$~SHL$OTIME$ROPI$IEEEJ$EBA8$UX$STANDARDLIB$REQ8$PRES8$EABIv2 0x00000000   Number         0  anon$$obj.o ABSOLUTE
    __fp_init_empty                          0x00000000   Number         0  fpinit_empty.o ABSOLUTE
    _printf_flags                            0x00000000   Number         0  printf_stubs.o ABSOLUTE
    _printf_return_value                     0x00000000   Number         0  printf_stubs.o ABSOLUTE
    _printf_sizespec                         0x00000000   Number         0  printf_stubs.o ABSOLUTE
    _printf_widthprec                        0x00000000   Number         0  printf_stubs.o ABSOLUTE
    __ARM_exceptions_init                     - Undefined Weak Reference
    __alloca_initialize                       - Undefined Weak Reference
    __arm_preinit_                            - Undefined Weak Reference
    __arm_relocate_pie_                       - Undefined Weak Reference
    __cpp_initialize__aeabi_                  - Undefined Weak Reference
    __cxa_finalize                            - Undefined Weak Reference
    __sigvec_lookup                           - Undefined Weak Reference
    _atexit_init                              - Undefined Weak Reference
    _call_atexit_fns                          - Undefined Weak Reference
    _clock_init                               - Undefined Weak Reference
    _fp_trap_init                             - Undefined Weak Reference
    _fp_trap_shutdown                         - Undefined Weak Reference
    _get_lc_collate                           - Undefined Weak Reference
    _get_lc_monetary                          - Undefined Weak Reference
    _get_lc_time                              - Undefined Weak Reference
    _getenv_init                              - Undefined Weak Reference
    _handle_redirection                       - Undefined Weak Reference
    _init_alloc                               - Undefined Weak Reference
    _init_user_alloc                          - Undefined Weak Reference
    _initio                                   - Undefined Weak Reference
    _printf_mbtowc                            - Undefined Weak Reference
    _printf_wc                                - Undefined Weak Reference
    _rand_init                                - Undefined Weak Reference
    _signal_finish                            - Undefined Weak Reference
    _signal_init                              - Undefined Weak Reference
    _terminate_alloc                          - Undefined Weak Reference
    _terminate_user_alloc                     - Undefined Weak Reference
    _terminateio                              - Undefined Weak Reference
    __Vectors_Size                           0x000000ec   Number         0  startup_stm32f10x_md.o ABSOLUTE
    __Vectors                                0x08000000   Data           4  startup_stm32f10x_md.o(RESET)
    __Vectors_End                            0x080000ec   Data           0  startup_stm32f10x_md.o(RESET)
    __main                                   0x080000ed   Thumb Code     8  __main.o(!!!main)
    __scatterload                            0x080000f5   Thumb Code     0  __scatter.o(!!!scatter)
    __scatterload_rt2                        0x080000f5   Thumb Code    84  __scatter.o(!!!scatter)
    __scatterload_rt2_thumb_only             0x080000f5   Thumb Code     0  __scatter.o(!!!scatter)
    __scatterload_loop                       0x080000ff   Thumb Code     0  __scatter.o(!!!scatter)
    __scatterload_copy                       0x08000151   Thumb Code    26  __scatter_copy.o(!!handler_copy)
    __scatterload_null                       0x0800016d   Thumb Code     2  __scatter.o(!!handler_null)
    __scatterload_zeroinit                   0x08000171   Thumb Code    28  __scatter_zi.o(!!handler_zi)
    _printf_n                                0x0800018d   Thumb Code     0  _printf_n.o(.ARM.Collect$$_printf_percent$$00000001)
    _printf_percent                          0x0800018d   Thumb Code     0  _printf_percent.o(.ARM.Collect$$_printf_percent$$00000000)
    _printf_p                                0x08000193   Thumb Code     0  _printf_p.o(.ARM.Collect$$_printf_percent$$00000002)
    _printf_f                                0x08000199   Thumb Code     0  _printf_f.o(.ARM.Collect$$_printf_percent$$00000003)
    _printf_e                                0x0800019f   Thumb Code     0  _printf_e.o(.ARM.Collect$$_printf_percent$$00000004)
    _printf_g                                0x080001a5   Thumb Code     0  _printf_g.o(.ARM.Collect$$_printf_percent$$00000005)
    _printf_a                                0x080001ab   Thumb Code     0  _printf_a.o(.ARM.Collect$$_printf_percent$$00000006)
    _printf_ll                               0x080001b1   Thumb Code     0  _printf_ll.o(.ARM.Collect$$_printf_percent$$00000007)
    _printf_i                                0x080001bb   Thumb Code     0  _printf_i.o(.ARM.Collect$$_printf_percent$$00000008)
    _printf_d                                0x080001c1   Thumb Code     0  _printf_d.o(.ARM.Collect$$_printf_percent$$00000009)
    _printf_u                                0x080001c7   Thumb Code     0  _printf_u.o(.ARM.Collect$$_printf_percent$$0000000A)
    _printf_o                                0x080001cd   Thumb Code     0  _printf_o.o(.ARM.Collect$$_printf_percent$$0000000B)
    _printf_x                                0x080001d3   Thumb Code     0  _printf_x.o(.ARM.Collect$$_printf_percent$$0000000C)
    _printf_lli                              0x080001d9   Thumb Code     0  _printf_lli.o(.ARM.Collect$$_printf_percent$$0000000D)
    _printf_lld                              0x080001df   Thumb Code     0  _printf_lld.o(.ARM.Collect$$_printf_percent$$0000000E)
    _printf_llu                              0x080001e5   Thumb Code     0  _printf_llu.o(.ARM.Collect$$_printf_percent$$0000000F)
    _printf_llo                              0x080001eb   Thumb Code     0  _printf_llo.o(.ARM.Collect$$_printf_percent$$00000010)
    _printf_llx                              0x080001f1   Thumb Code     0  _printf_llx.o(.ARM.Collect$$_printf_percent$$00000011)
    _printf_l                                0x080001f7   Thumb Code     0  _printf_l.o(.ARM.Collect$$_printf_percent$$00000012)
    _printf_c                                0x08000201   Thumb Code     0  _printf_c.o(.ARM.Collect$$_printf_percent$$00000013)
    _printf_s                                0x08000207   Thumb Code     0  _printf_s.o(.ARM.Collect$$_printf_percent$$00000014)
    _printf_lc                               0x0800020d   Thumb Code     0  _printf_lc.o(.ARM.Collect$$_printf_percent$$00000015)
    _printf_ls                               0x08000213   Thumb Code     0  _printf_ls.o(.ARM.Collect$$_printf_percent$$00000016)
    _printf_percent_end                      0x08000219   Thumb Code     0  _printf_percent_end.o(.ARM.Collect$$_printf_percent$$00000017)
    __rt_lib_init                            0x0800021d   Thumb Code     0  libinit.o(.ARM.Collect$$libinit$$00000000)
    __rt_lib_init_fp_1                       0x0800021f   Thumb Code     0  libinit2.o(.ARM.Collect$$libinit$$00000002)
    __rt_lib_init_heap_1                     0x0800021f   Thumb Code     0  libinit2.o(.ARM.Collect$$libinit$$0000000C)
    __rt_lib_init_lc_common                  0x0800021f   Thumb Code     0  libinit2.o(.ARM.Collect$$libinit$$00000011)
    __rt_lib_init_preinit_1                  0x0800021f   Thumb Code     0  libinit2.o(.ARM.Collect$$libinit$$00000006)
    __rt_lib_init_rand_1                     0x0800021f   Thumb Code     0  libinit2.o(.ARM.Collect$$libinit$$00000010)
    __rt_lib_init_relocate_pie_1             0x0800021f   Thumb Code     0  libinit2.o(.ARM.Collect$$libinit$$00000004)
    __rt_lib_init_user_alloc_1               0x0800021f   Thumb Code     0  libinit2.o(.ARM.Collect$$libinit$$0000000E)
    __rt_lib_init_lc_collate_1               0x08000225   Thumb Code     0  libinit2.o(.ARM.Collect$$libinit$$00000013)
    __rt_lib_init_lc_ctype_2                 0x08000225   Thumb Code     0  libinit2.o(.ARM.Collect$$libinit$$00000014)
    __rt_lib_init_lc_ctype_1                 0x08000231   Thumb Code     0  libinit2.o(.ARM.Collect$$libinit$$00000015)
    __rt_lib_init_lc_monetary_1              0x08000231   Thumb Code     0  libinit2.o(.ARM.Collect$$libinit$$00000017)
    __rt_lib_init_lc_numeric_2               0x08000231   Thumb Code     0  libinit2.o(.ARM.Collect$$libinit$$00000018)
    __rt_lib_init_alloca_1                   0x0800023b   Thumb Code     0  libinit2.o(.ARM.Collect$$libinit$$00000030)
    __rt_lib_init_argv_1                     0x0800023b   Thumb Code     0  libinit2.o(.ARM.Collect$$libinit$$0000002E)
    __rt_lib_init_atexit_1                   0x0800023b   Thumb Code     0  libinit2.o(.ARM.Collect$$libinit$$0000001D)
    __rt_lib_init_clock_1                    0x0800023b   Thumb Code     0  libinit2.o(.ARM.Collect$$libinit$$00000023)
    __rt_lib_init_cpp_1                      0x0800023b   Thumb Code     0  libinit2.o(.ARM.Collect$$libinit$$00000034)
    __rt_lib_init_exceptions_1               0x0800023b   Thumb Code     0  libinit2.o(.ARM.Collect$$libinit$$00000032)
    __rt_lib_init_fp_trap_1                  0x0800023b   Thumb Code     0  libinit2.o(.ARM.Collect$$libinit$$00000021)
    __rt_lib_init_getenv_1                   0x0800023b   Thumb Code     0  libinit2.o(.ARM.Collect$$libinit$$00000025)
    __rt_lib_init_lc_numeric_1               0x0800023b   Thumb Code     0  libinit2.o(.ARM.Collect$$libinit$$00000019)
    __rt_lib_init_lc_time_1                  0x0800023b   Thumb Code     0  libinit2.o(.ARM.Collect$$libinit$$0000001B)
    __rt_lib_init_return                     0x0800023b   Thumb Code     0  libinit2.o(.ARM.Collect$$libinit$$00000035)
    __rt_lib_init_signal_1                   0x0800023b   Thumb Code     0  libinit2.o(.ARM.Collect$$libinit$$0000001F)
    __rt_lib_init_stdio_1                    0x0800023b   Thumb Code     0  libinit2.o(.ARM.Collect$$libinit$$00000027)
    __rt_lib_shutdown                        0x0800023d   Thumb Code     0  libshutdown.o(.ARM.Collect$$libshutdown$$00000000)
    __rt_lib_shutdown_cpp_1                  0x0800023f   Thumb Code     0  libshutdown2.o(.ARM.Collect$$libshutdown$$00000002)
    __rt_lib_shutdown_fp_trap_1              0x0800023f   Thumb Code     0  libshutdown2.o(.ARM.Collect$$libshutdown$$00000007)
    __rt_lib_shutdown_heap_1                 0x0800023f   Thumb Code     0  libshutdown2.o(.ARM.Collect$$libshutdown$$0000000F)
    __rt_lib_shutdown_return                 0x0800023f   Thumb Code     0  libshutdown2.o(.ARM.Collect$$libshutdown$$00000010)
    __rt_lib_shutdown_signal_1               0x0800023f   Thumb Code     0  libshutdown2.o(.ARM.Collect$$libshutdown$$0000000A)
    __rt_lib_shutdown_stdio_1                0x0800023f   Thumb Code     0  libshutdown2.o(.ARM.Collect$$libshutdown$$00000004)
    __rt_lib_shutdown_user_alloc_1           0x0800023f   Thumb Code     0  libshutdown2.o(.ARM.Collect$$libshutdown$$0000000C)
    __rt_entry                               0x08000241   Thumb Code     0  __rtentry.o(.ARM.Collect$$rtentry$$00000000)
    __rt_entry_presh_1                       0x08000241   Thumb Code     0  __rtentry2.o(.ARM.Collect$$rtentry$$00000002)
    __rt_entry_sh                            0x08000241   Thumb Code     0  __rtentry4.o(.ARM.Collect$$rtentry$$00000004)
    __rt_entry_li                            0x08000247   Thumb Code     0  __rtentry2.o(.ARM.Collect$$rtentry$$0000000A)
    __rt_entry_postsh_1                      0x08000247   Thumb Code     0  __rtentry2.o(.ARM.Collect$$rtentry$$00000009)
    __rt_entry_main                          0x0800024b   Thumb Code     0  __rtentry2.o(.ARM.Collect$$rtentry$$0000000D)
    __rt_entry_postli_1                      0x0800024b   Thumb Code     0  __rtentry2.o(.ARM.Collect$$rtentry$$0000000C)
    __rt_exit                                0x08000253   Thumb Code     0  rtexit.o(.ARM.Collect$$rtexit$$00000000)
    __rt_exit_ls                             0x08000255   Thumb Code     0  rtexit2.o(.ARM.Collect$$rtexit$$00000003)
    __rt_exit_prels_1                        0x08000255   Thumb Code     0  rtexit2.o(.ARM.Collect$$rtexit$$00000002)
    __rt_exit_exit                           0x08000259   Thumb Code     0  rtexit2.o(.ARM.Collect$$rtexit$$00000004)
    Reset_Handler                            0x08000261   Thumb Code     8  startup_stm32f10x_md.o(.text)
    NMI_Handler                              0x08000269   Thumb Code     2  startup_stm32f10x_md.o(.text)
    HardFault_Handler                        0x0800026b   Thumb Code     2  startup_stm32f10x_md.o(.text)
    MemManage_Handler                        0x0800026d   Thumb Code     2  startup_stm32f10x_md.o(.text)
    BusFault_Handler                         0x0800026f   Thumb Code     2  startup_stm32f10x_md.o(.text)
    UsageFault_Handler                       0x08000271   Thumb Code     2  startup_stm32f10x_md.o(.text)
    SVC_Handler                              0x08000273   Thumb Code     2  startup_stm32f10x_md.o(.text)
    DebugMon_Handler                         0x08000275   Thumb Code     2  startup_stm32f10x_md.o(.text)
    PendSV_Handler                           0x08000277   Thumb Code     2  startup_stm32f10x_md.o(.text)
    ADC1_2_IRQHandler                        0x0800027b   Thumb Code     0  startup_stm32f10x_md.o(.text)
    CAN1_RX1_IRQHandler                      0x0800027b   Thumb Code     0  startup_stm32f10x_md.o(.text)
    CAN1_SCE_IRQHandler                      0x0800027b   Thumb Code     0  startup_stm32f10x_md.o(.text)
    DMA1_Channel1_IRQHandler                 0x0800027b   Thumb Code     0  startup_stm32f10x_md.o(.text)
    DMA1_Channel2_IRQHandler                 0x0800027b   Thumb Code     0  startup_stm32f10x_md.o(.text)
    DMA1_Channel3_IRQHandler                 0x0800027b   Thumb Code     0  startup_stm32f10x_md.o(.text)
    DMA1_Channel4_IRQHandler                 0x0800027b   Thumb Code     0  startup_stm32f10x_md.o(.text)
    DMA1_Channel5_IRQHandler                 0x0800027b   Thumb Code     0  startup_stm32f10x_md.o(.text)
    DMA1_Channel6_IRQHandler                 0x0800027b   Thumb Code     0  startup_stm32f10x_md.o(.text)
    DMA1_Channel7_IRQHandler                 0x0800027b   Thumb Code     0  startup_stm32f10x_md.o(.text)
    EXTI0_IRQHandler                         0x0800027b   Thumb Code     0  startup_stm32f10x_md.o(.text)
    EXTI15_10_IRQHandler                     0x0800027b   Thumb Code     0  startup_stm32f10x_md.o(.text)
    EXTI1_IRQHandler                         0x0800027b   Thumb Code     0  startup_stm32f10x_md.o(.text)
    EXTI2_IRQHandler                         0x0800027b   Thumb Code     0  startup_stm32f10x_md.o(.text)
    EXTI3_IRQHandler                         0x0800027b   Thumb Code     0  startup_stm32f10x_md.o(.text)
    EXTI4_IRQHandler                         0x0800027b   Thumb Code     0  startup_stm32f10x_md.o(.text)
    EXTI9_5_IRQHandler                       0x0800027b   Thumb Code     0  startup_stm32f10x_md.o(.text)
    FLASH_IRQHandler                         0x0800027b   Thumb Code     0  startup_stm32f10x_md.o(.text)
    I2C1_ER_IRQHandler                       0x0800027b   Thumb Code     0  startup_stm32f10x_md.o(.text)
    I2C1_EV_IRQHandler                       0x0800027b   Thumb Code     0  startup_stm32f10x_md.o(.text)
    I2C2_ER_IRQHandler                       0x0800027b   Thumb Code     0  startup_stm32f10x_md.o(.text)
    I2C2_EV_IRQHandler                       0x0800027b   Thumb Code     0  startup_stm32f10x_md.o(.text)
    PVD_IRQHandler                           0x0800027b   Thumb Code     0  startup_stm32f10x_md.o(.text)
    RCC_IRQHandler                           0x0800027b   Thumb Code     0  startup_stm32f10x_md.o(.text)
    RTCAlarm_IRQHandler                      0x0800027b   Thumb Code     0  startup_stm32f10x_md.o(.text)
    RTC_IRQHandler                           0x0800027b   Thumb Code     0  startup_stm32f10x_md.o(.text)
    SPI1_IRQHandler                          0x0800027b   Thumb Code     0  startup_stm32f10x_md.o(.text)
    SPI2_IRQHandler                          0x0800027b   Thumb Code     0  startup_stm32f10x_md.o(.text)
    TAMPER_IRQHandler                        0x0800027b   Thumb Code     0  startup_stm32f10x_md.o(.text)
    TIM1_BRK_IRQHandler                      0x0800027b   Thumb Code     0  startup_stm32f10x_md.o(.text)
    TIM1_CC_IRQHandler                       0x0800027b   Thumb Code     0  startup_stm32f10x_md.o(.text)
    TIM1_TRG_COM_IRQHandler                  0x0800027b   Thumb Code     0  startup_stm32f10x_md.o(.text)
    TIM1_UP_IRQHandler                       0x0800027b   Thumb Code     0  startup_stm32f10x_md.o(.text)
    TIM2_IRQHandler                          0x0800027b   Thumb Code     0  startup_stm32f10x_md.o(.text)
    TIM3_IRQHandler                          0x0800027b   Thumb Code     0  startup_stm32f10x_md.o(.text)
    TIM4_IRQHandler                          0x0800027b   Thumb Code     0  startup_stm32f10x_md.o(.text)
    USART1_IRQHandler                        0x0800027b   Thumb Code     0  startup_stm32f10x_md.o(.text)
    USART2_IRQHandler                        0x0800027b   Thumb Code     0  startup_stm32f10x_md.o(.text)
    USART3_IRQHandler                        0x0800027b   Thumb Code     0  startup_stm32f10x_md.o(.text)
    USBWakeUp_IRQHandler                     0x0800027b   Thumb Code     0  startup_stm32f10x_md.o(.text)
    USB_HP_CAN1_TX_IRQHandler                0x0800027b   Thumb Code     0  startup_stm32f10x_md.o(.text)
    USB_LP_CAN1_RX0_IRQHandler               0x0800027b   Thumb Code     0  startup_stm32f10x_md.o(.text)
    WWDG_IRQHandler                          0x0800027b   Thumb Code     0  startup_stm32f10x_md.o(.text)
    __user_initial_stackheap                 0x0800027d   Thumb Code     0  startup_stm32f10x_md.o(.text)
    sprintf                                  0x080002a1   Thumb Code    38  sprintf.o(.text)
    __use_two_region_memory                  0x080002cd   Thumb Code     2  heapauxi.o(.text)
    __rt_heap_escrow$2region                 0x080002cf   Thumb Code     2  heapauxi.o(.text)
    __rt_heap_expand$2region                 0x080002d1   Thumb Code     2  heapauxi.o(.text)
    _printf_pre_padding                      0x080002d3   Thumb Code    44  _printf_pad.o(.text)
    _printf_post_padding                     0x080002ff   Thumb Code    34  _printf_pad.o(.text)
    _printf_truncate_signed                  0x08000321   Thumb Code    18  _printf_truncate.o(.text)
    _printf_truncate_unsigned                0x08000333   Thumb Code    18  _printf_truncate.o(.text)
    _printf_str                              0x08000345   Thumb Code    82  _printf_str.o(.text)
    _printf_int_dec                          0x08000399   Thumb Code   104  _printf_dec.o(.text)
    _printf_charcount                        0x08000411   Thumb Code    40  _printf_charcount.o(.text)
    _printf_char_common                      0x08000443   Thumb Code    32  _printf_char_common.o(.text)
    _sputc                                   0x08000469   Thumb Code    10  _sputc.o(.text)
    _printf_wctomb                           0x08000475   Thumb Code   182  _printf_wctomb.o(.text)
    _printf_longlong_dec                     0x08000531   Thumb Code   108  _printf_longlong_dec.o(.text)
    _printf_longlong_oct                     0x080005ad   Thumb Code    68  _printf_oct_int_ll.o(.text)
    _printf_int_oct                          0x080005f1   Thumb Code    24  _printf_oct_int_ll.o(.text)
    _printf_ll_oct                           0x08000609   Thumb Code    12  _printf_oct_int_ll.o(.text)
    _printf_longlong_hex                     0x0800061d   Thumb Code    86  _printf_hex_int_ll_ptr.o(.text)
    _printf_int_hex                          0x08000673   Thumb Code    28  _printf_hex_int_ll_ptr.o(.text)
    _printf_ll_hex                           0x0800068f   Thumb Code    12  _printf_hex_int_ll_ptr.o(.text)
    _printf_hex_ptr                          0x0800069b   Thumb Code    18  _printf_hex_int_ll_ptr.o(.text)
    __printf                                 0x080006b1   Thumb Code   388  __printf_flags_ss_wp.o(.text)
    _ll_udiv10                               0x08000839   Thumb Code   138  lludiv10.o(.text)
    _printf_int_common                       0x080008c3   Thumb Code   178  _printf_intcommon.o(.text)
    _printf_fp_dec_real                      0x08000b25   Thumb Code   620  _printf_fp_dec.o(.text)
    _printf_fp_hex_real                      0x08000d91   Thumb Code   756  _printf_fp_hex.o(.text)
    _printf_cs_common                        0x0800108d   Thumb Code    20  _printf_char.o(.text)
    _printf_char                             0x080010a1   Thumb Code    16  _printf_char.o(.text)
    _printf_string                           0x080010b1   Thumb Code     8  _printf_char.o(.text)
    _printf_lcs_common                       0x080010b9   Thumb Code    20  _printf_wchar.o(.text)
    _printf_wchar                            0x080010cd   Thumb Code    16  _printf_wchar.o(.text)
    _printf_wstring                          0x080010dd   Thumb Code     8  _printf_wchar.o(.text)
    _c16rtomb                                0x080010e5   Thumb Code    72  _c16rtomb.o(.text)
    _wcrtomb                                 0x080010e5   Thumb Code     0  _c16rtomb.o(.text)
    __user_setup_stackheap                   0x0800112d   Thumb Code    74  sys_stackheap_outer.o(.text)
    __rt_ctype_table                         0x08001179   Thumb Code    16  rt_ctype_table.o(.text)
    __rt_locale                              0x08001189   Thumb Code     8  rt_locale_intlibspace.o(.text)
    _printf_fp_infnan                        0x08001191   Thumb Code   112  _printf_fp_infnan.o(.text)
    _btod_etento                             0x08001211   Thumb Code   224  bigflt0.o(.text)
    exit                                     0x080012f5   Thumb Code    18  exit.o(.text)
    __user_libspace                          0x08001309   Thumb Code     8  libspace.o(.text)
    __user_perproc_libspace                  0x08001309   Thumb Code     0  libspace.o(.text)
    __user_perthread_libspace                0x08001309   Thumb Code     0  libspace.o(.text)
    strcmp                                   0x08001311   Thumb Code   128  strcmpv7m.o(.text)
    _sys_exit                                0x08001391   Thumb Code     8  sys_exit.o(.text)
    __I$use$semihosting                      0x0800139d   Thumb Code     0  use_no_semi.o(.text)
    __use_no_semihosting_swi                 0x0800139d   Thumb Code     2  use_no_semi.o(.text)
    __semihosting_library_function           0x0800139f   Thumb Code     0  indicate_semi.o(.text)
    FATFS_LinkDriver                         0x080013a9   Thumb Code    22  ff_gen_drv.o(.text.FATFS_LinkDriver)
    FATFS_LinkDriverEx                       0x080013c1   Thumb Code   124  ff_gen_drv.o(.text.FATFS_LinkDriverEx)
    GPIO_Init                                0x0800143d   Thumb Code   390  stm32f10x_gpio.o(.text.GPIO_Init)
    InitSdcard                               0x080015c5   Thumb Code    16  sdcard.o(.text.InitSdcard)
    MX_FATFS_Init                            0x080015d5   Thumb Code    34  fatfs.o(.text.MX_FATFS_Init)
    RCC_APB2PeriphClockCmd                   0x080015f9   Thumb Code    56  stm32f10x_rcc.o(.text.RCC_APB2PeriphClockCmd)
    SD_disk_initialize                       0x080019a5   Thumb Code   578  fatfs_sd.o(.text.SD_disk_initialize)
    SD_disk_ioctl                            0x08001be9   Thumb Code   574  fatfs_sd.o(.text.SD_disk_ioctl)
    SD_disk_read                             0x08001e29   Thumb Code   226  fatfs_sd.o(.text.SD_disk_read)
    SD_disk_status                           0x08001f0d   Thumb Code    46  fatfs_sd.o(.text.SD_disk_status)
    SD_disk_write                            0x08001f3d   Thumb Code   294  fatfs_sd.o(.text.SD_disk_write)
    SPI_Cmd                                  0x0800206d   Thumb Code    44  stm32f10x_spi.o(.text.SPI_Cmd)
    SPI_Init                                 0x08002099   Thumb Code   104  stm32f10x_spi.o(.text.SPI_Init)
    SdcardWriteAction                        0x0800214d   Thumb Code   114  sdcard.o(.text.SdcardWriteAction)
    SpiCsHigh                                0x080022ed   Thumb Code    14  spi.o(.text.SpiCsHigh)
    SpiCsLow                                 0x080022fd   Thumb Code    14  spi.o(.text.SpiCsLow)
    SpiTransceiveByte                        0x0800230d   Thumb Code    56  spi.o(.text.SpiTransceiveByte)
    SysTick_Handler                          0x08002345   Thumb Code    32  delay.o(.text.SysTick_Handler)
    SystemInit                               0x08002365   Thumb Code   102  system_stm32f10x.o(.text.SystemInit)
    USER_initialize                          0x080023cd   Thumb Code    20  user_diskio.o(.text.USER_initialize)
    USER_ioctl                               0x080023e1   Thumb Code    32  user_diskio.o(.text.USER_ioctl)
    USER_read                                0x08002401   Thumb Code    32  user_diskio.o(.text.USER_read)
    USER_status                              0x08002421   Thumb Code    20  user_diskio.o(.text.USER_status)
    USER_write                               0x08002435   Thumb Code    32  user_diskio.o(.text.USER_write)
    _closefile                               0x08002455   Thumb Code    36  sdcard.o(.text._closefile)
    _mountSdcard                             0x08002479   Thumb Code   104  sdcard.o(.text._mountSdcard)
    _openfile                                0x080024e1   Thumb Code   146  sdcard.o(.text._openfile)
    _unmountSdcard                           0x08002575   Thumb Code    98  sdcard.o(.text._unmountSdcard)
    _writeString                             0x080025d9   Thumb Code    20  sdcard.o(.text._writeString)
    clearBuffer                              0x08002809   Thumb Code    46  sdcard.o(.text.clearBuffer)
    clust2sect                               0x08002901   Thumb Code    66  ff.o(.text.clust2sect)
    disk_initialize                          0x08003959   Thumb Code    80  diskio.o(.text.disk_initialize)
    disk_ioctl                               0x080039a9   Thumb Code    58  diskio.o(.text.disk_ioctl)
    disk_read                                0x080039e5   Thumb Code    60  diskio.o(.text.disk_read)
    disk_status                              0x08003a21   Thumb Code    46  diskio.o(.text.disk_status)
    disk_write                               0x08003a51   Thumb Code    60  diskio.o(.text.disk_write)
    f_close                                  0x08003add   Thumb Code    90  ff.o(.text.f_close)
    f_lseek                                  0x08003b39   Thumb Code  1484  ff.o(.text.f_lseek)
    f_mount                                  0x08004105   Thumb Code   172  ff.o(.text.f_mount)
    f_open                                   0x080041b1   Thumb Code  1078  ff.o(.text.f_open)
    f_puts                                   0x080045e9   Thumb Code   102  ff.o(.text.f_puts)
    f_sync                                   0x08004651   Thumb Code   340  ff.o(.text.f_sync)
    f_write                                  0x080047a5   Thumb Code  1064  ff.o(.text.f_write)
    ff_convert                               0x08004bcd   Thumb Code   170  unicode.o(.text.ff_convert)
    ff_wtoupper                              0x08004c79   Thumb Code   132  unicode.o(.text.ff_wtoupper)
    get_fat                                  0x08005591   Thumb Code   398  ff.o(.text.get_fat)
    get_fattime                              0x08005721   Thumb Code     4  fatfs.o(.text.get_fattime)
    initGpio                                 0x08005969   Thumb Code    92  gpio.o(.text.initGpio)
    initSpi                                  0x080059c5   Thumb Code   166  spi.o(.text.initSpi)
    insertBuffer                             0x08005a6d   Thumb Code    32  sdcard.o(.text.insertBuffer)
    main                                     0x08005ac1   Thumb Code    36  main.o(.text.main)
    put_fat                                  0x08005bfd   Thumb Code   572  ff.o(.text.put_fat)
    sdcardErrorHandle                        0x08005f79   Thumb Code    12  sdcard.o(.text.sdcardErrorHandle)
    _btod_d2e                                0x08006245   Thumb Code    62  btod.o(CL$$btod_d2e)
    _d2e_denorm_low                          0x08006283   Thumb Code    70  btod.o(CL$$btod_d2e_denorm_low)
    _d2e_norm_op1                            0x080062c9   Thumb Code    96  btod.o(CL$$btod_d2e_norm_op1)
    __btod_div_common                        0x08006329   Thumb Code   696  btod.o(CL$$btod_div_common)
    _e2e                                     0x08006661   Thumb Code   220  btod.o(CL$$btod_e2e)
    _btod_ediv                               0x0800673d   Thumb Code    42  btod.o(CL$$btod_ediv)
    _btod_emul                               0x08006767   Thumb Code    42  btod.o(CL$$btod_emul)
    __btod_mult_common                       0x08006791   Thumb Code   580  btod.o(CL$$btod_mult_common)
    __ARM_fpclassify                         0x080069d5   Thumb Code    40  fpclassify.o(i.__ARM_fpclassify)
    _is_digit                                0x080069fd   Thumb Code    14  __printf_wp.o(i._is_digit)
    _get_lc_numeric                          0x08006a0d   Thumb Code    44  lc_numeric_c.o(locale$$code)
    _get_lc_ctype                            0x08006a39   Thumb Code    44  lc_ctype_c.o(locale$$code)
    _printf_fp_dec                           0x08006a65   Thumb Code     4  printf1.o(x$fpl$printf1)
    _printf_fp_hex                           0x08006a69   Thumb Code     4  printf2.o(x$fpl$printf2)
    __I$use$fp                               0x08006a6c   Number         0  usenofp.o(x$fpl$usenofp)
    Region$$Table$$Base                      0x080071c8   Number         0  anon$$obj.o(Region$$Table)
    Region$$Table$$Limit                     0x080071e8   Number         0  anon$$obj.o(Region$$Table)
    __ctype                                  0x08007211   Data           0  lc_ctype_c.o(locale$$data)
    USER_Driver                              0x20000004   Data          20  user_diskio.o(.data.USER_Driver)
    __libspace_start                         0x20000018   Data          96  libspace.o(.bss)
    Buffer                                   0x20000078   Data         512  sdcard.o(.bss.Buffer)
    __temporary_stack_top$libspace           0x20000078   Data           0  libspace.o(.bss)
    Timer1                                   0x2000049b   Data           1  fatfs_sd.o(.bss.Timer1)
    Timer2                                   0x2000049c   Data           1  fatfs_sd.o(.bss.Timer2)
    USERPath                                 0x2000049d   Data           4  fatfs.o(.bss.USERPath)
    disk                                     0x200004a4   Data          12  ff_gen_drv.o(.bss.disk)
    fatfs                                    0x200004b0   Data        4144  sdcard.o(.bss.fatfs)
    retUSER                                  0x200014e0   Data           1  fatfs.o(.bss.retUSER)
    state_mount                              0x200014e1   Data           1  sdcard.o(.bss.state_mount)
    state_unmount                            0x200014e2   Data           1  sdcard.o(.bss.state_unmount)



==============================================================================

Memory Map of the image

  Image Entry point : 0x080000ed

  Load Region LR_IROM1 (Base: 0x08000000, Size: 0x00007330, Max: 0x00010000, ABSOLUTE)

    Execution Region ER_IROM1 (Exec base: 0x08000000, Load base: 0x08000000, Size: 0x00007314, Max: 0x00010000, ABSOLUTE)

    Exec Addr    Load Addr    Size         Type   Attr      Idx    E Section Name        Object

    0x08000000   0x08000000   0x000000ec   Data   RO          825    RESET               startup_stm32f10x_md.o
    0x080000ec   0x080000ec   0x00000008   Code   RO          855  * !!!main             c_w.l(__main.o)
    0x080000f4   0x080000f4   0x0000005c   Code   RO         1208    !!!scatter          c_w.l(__scatter.o)
    0x08000150   0x08000150   0x0000001a   Code   RO         1212    !!handler_copy      c_w.l(__scatter_copy.o)
    0x0800016a   0x0800016a   0x00000002   PAD
    0x0800016c   0x0800016c   0x00000002   Code   RO         1209    !!handler_null      c_w.l(__scatter.o)
    0x0800016e   0x0800016e   0x00000002   PAD
    0x08000170   0x08000170   0x0000001c   Code   RO         1214    !!handler_zi        c_w.l(__scatter_zi.o)
    0x0800018c   0x0800018c   0x00000000   Code   RO          951    .ARM.Collect$$_printf_percent$$00000000  c_w.l(_printf_percent.o)
    0x0800018c   0x0800018c   0x00000006   Code   RO          940    .ARM.Collect$$_printf_percent$$00000001  c_w.l(_printf_n.o)
    0x08000192   0x08000192   0x00000006   Code   RO          942    .ARM.Collect$$_printf_percent$$00000002  c_w.l(_printf_p.o)
    0x08000198   0x08000198   0x00000006   Code   RO          947    .ARM.Collect$$_printf_percent$$00000003  c_w.l(_printf_f.o)
    0x0800019e   0x0800019e   0x00000006   Code   RO          948    .ARM.Collect$$_printf_percent$$00000004  c_w.l(_printf_e.o)
    0x080001a4   0x080001a4   0x00000006   Code   RO          949    .ARM.Collect$$_printf_percent$$00000005  c_w.l(_printf_g.o)
    0x080001aa   0x080001aa   0x00000006   Code   RO          950    .ARM.Collect$$_printf_percent$$00000006  c_w.l(_printf_a.o)
    0x080001b0   0x080001b0   0x0000000a   Code   RO          955    .ARM.Collect$$_printf_percent$$00000007  c_w.l(_printf_ll.o)
    0x080001ba   0x080001ba   0x00000006   Code   RO          944    .ARM.Collect$$_printf_percent$$00000008  c_w.l(_printf_i.o)
    0x080001c0   0x080001c0   0x00000006   Code   RO          945    .ARM.Collect$$_printf_percent$$00000009  c_w.l(_printf_d.o)
    0x080001c6   0x080001c6   0x00000006   Code   RO          946    .ARM.Collect$$_printf_percent$$0000000A  c_w.l(_printf_u.o)
    0x080001cc   0x080001cc   0x00000006   Code   RO          943    .ARM.Collect$$_printf_percent$$0000000B  c_w.l(_printf_o.o)
    0x080001d2   0x080001d2   0x00000006   Code   RO          941    .ARM.Collect$$_printf_percent$$0000000C  c_w.l(_printf_x.o)
    0x080001d8   0x080001d8   0x00000006   Code   RO          952    .ARM.Collect$$_printf_percent$$0000000D  c_w.l(_printf_lli.o)
    0x080001de   0x080001de   0x00000006   Code   RO          953    .ARM.Collect$$_printf_percent$$0000000E  c_w.l(_printf_lld.o)
    0x080001e4   0x080001e4   0x00000006   Code   RO          954    .ARM.Collect$$_printf_percent$$0000000F  c_w.l(_printf_llu.o)
    0x080001ea   0x080001ea   0x00000006   Code   RO          959    .ARM.Collect$$_printf_percent$$00000010  c_w.l(_printf_llo.o)
    0x080001f0   0x080001f0   0x00000006   Code   RO          960    .ARM.Collect$$_printf_percent$$00000011  c_w.l(_printf_llx.o)
    0x080001f6   0x080001f6   0x0000000a   Code   RO          956    .ARM.Collect$$_printf_percent$$00000012  c_w.l(_printf_l.o)
    0x08000200   0x08000200   0x00000006   Code   RO          938    .ARM.Collect$$_printf_percent$$00000013  c_w.l(_printf_c.o)
    0x08000206   0x08000206   0x00000006   Code   RO          939    .ARM.Collect$$_printf_percent$$00000014  c_w.l(_printf_s.o)
    0x0800020c   0x0800020c   0x00000006   Code   RO          957    .ARM.Collect$$_printf_percent$$00000015  c_w.l(_printf_lc.o)
    0x08000212   0x08000212   0x00000006   Code   RO          958    .ARM.Collect$$_printf_percent$$00000016  c_w.l(_printf_ls.o)
    0x08000218   0x08000218   0x00000004   Code   RO         1006    .ARM.Collect$$_printf_percent$$00000017  c_w.l(_printf_percent_end.o)
    0x0800021c   0x0800021c   0x00000002   Code   RO         1057    .ARM.Collect$$libinit$$00000000  c_w.l(libinit.o)
    0x0800021e   0x0800021e   0x00000000   Code   RO         1075    .ARM.Collect$$libinit$$00000002  c_w.l(libinit2.o)
    0x0800021e   0x0800021e   0x00000000   Code   RO         1077    .ARM.Collect$$libinit$$00000004  c_w.l(libinit2.o)
    0x0800021e   0x0800021e   0x00000000   Code   RO         1079    .ARM.Collect$$libinit$$00000006  c_w.l(libinit2.o)
    0x0800021e   0x0800021e   0x00000000   Code   RO         1082    .ARM.Collect$$libinit$$0000000C  c_w.l(libinit2.o)
    0x0800021e   0x0800021e   0x00000000   Code   RO         1084    .ARM.Collect$$libinit$$0000000E  c_w.l(libinit2.o)
    0x0800021e   0x0800021e   0x00000000   Code   RO         1086    .ARM.Collect$$libinit$$00000010  c_w.l(libinit2.o)
    0x0800021e   0x0800021e   0x00000006   Code   RO         1087    .ARM.Collect$$libinit$$00000011  c_w.l(libinit2.o)
    0x08000224   0x08000224   0x00000000   Code   RO         1089    .ARM.Collect$$libinit$$00000013  c_w.l(libinit2.o)
    0x08000224   0x08000224   0x0000000c   Code   RO         1090    .ARM.Collect$$libinit$$00000014  c_w.l(libinit2.o)
    0x08000230   0x08000230   0x00000000   Code   RO         1091    .ARM.Collect$$libinit$$00000015  c_w.l(libinit2.o)
    0x08000230   0x08000230   0x00000000   Code   RO         1093    .ARM.Collect$$libinit$$00000017  c_w.l(libinit2.o)
    0x08000230   0x08000230   0x0000000a   Code   RO         1094    .ARM.Collect$$libinit$$00000018  c_w.l(libinit2.o)
    0x0800023a   0x0800023a   0x00000000   Code   RO         1095    .ARM.Collect$$libinit$$00000019  c_w.l(libinit2.o)
    0x0800023a   0x0800023a   0x00000000   Code   RO         1097    .ARM.Collect$$libinit$$0000001B  c_w.l(libinit2.o)
    0x0800023a   0x0800023a   0x00000000   Code   RO         1099    .ARM.Collect$$libinit$$0000001D  c_w.l(libinit2.o)
    0x0800023a   0x0800023a   0x00000000   Code   RO         1101    .ARM.Collect$$libinit$$0000001F  c_w.l(libinit2.o)
    0x0800023a   0x0800023a   0x00000000   Code   RO         1103    .ARM.Collect$$libinit$$00000021  c_w.l(libinit2.o)
    0x0800023a   0x0800023a   0x00000000   Code   RO         1105    .ARM.Collect$$libinit$$00000023  c_w.l(libinit2.o)
    0x0800023a   0x0800023a   0x00000000   Code   RO         1107    .ARM.Collect$$libinit$$00000025  c_w.l(libinit2.o)
    0x0800023a   0x0800023a   0x00000000   Code   RO         1109    .ARM.Collect$$libinit$$00000027  c_w.l(libinit2.o)
    0x0800023a   0x0800023a   0x00000000   Code   RO         1113    .ARM.Collect$$libinit$$0000002E  c_w.l(libinit2.o)
    0x0800023a   0x0800023a   0x00000000   Code   RO         1115    .ARM.Collect$$libinit$$00000030  c_w.l(libinit2.o)
    0x0800023a   0x0800023a   0x00000000   Code   RO         1117    .ARM.Collect$$libinit$$00000032  c_w.l(libinit2.o)
    0x0800023a   0x0800023a   0x00000000   Code   RO         1119    .ARM.Collect$$libinit$$00000034  c_w.l(libinit2.o)
    0x0800023a   0x0800023a   0x00000002   Code   RO         1120    .ARM.Collect$$libinit$$00000035  c_w.l(libinit2.o)
    0x0800023c   0x0800023c   0x00000002   Code   RO         1144    .ARM.Collect$$libshutdown$$00000000  c_w.l(libshutdown.o)
    0x0800023e   0x0800023e   0x00000000   Code   RO         1159    .ARM.Collect$$libshutdown$$00000002  c_w.l(libshutdown2.o)
    0x0800023e   0x0800023e   0x00000000   Code   RO         1161    .ARM.Collect$$libshutdown$$00000004  c_w.l(libshutdown2.o)
    0x0800023e   0x0800023e   0x00000000   Code   RO         1164    .ARM.Collect$$libshutdown$$00000007  c_w.l(libshutdown2.o)
    0x0800023e   0x0800023e   0x00000000   Code   RO         1167    .ARM.Collect$$libshutdown$$0000000A  c_w.l(libshutdown2.o)
    0x0800023e   0x0800023e   0x00000000   Code   RO         1169    .ARM.Collect$$libshutdown$$0000000C  c_w.l(libshutdown2.o)
    0x0800023e   0x0800023e   0x00000000   Code   RO         1172    .ARM.Collect$$libshutdown$$0000000F  c_w.l(libshutdown2.o)
    0x0800023e   0x0800023e   0x00000002   Code   RO         1173    .ARM.Collect$$libshutdown$$00000010  c_w.l(libshutdown2.o)
    0x08000240   0x08000240   0x00000000   Code   RO          869    .ARM.Collect$$rtentry$$00000000  c_w.l(__rtentry.o)
    0x08000240   0x08000240   0x00000000   Code   RO          975    .ARM.Collect$$rtentry$$00000002  c_w.l(__rtentry2.o)
    0x08000240   0x08000240   0x00000006   Code   RO          987    .ARM.Collect$$rtentry$$00000004  c_w.l(__rtentry4.o)
    0x08000246   0x08000246   0x00000000   Code   RO          977    .ARM.Collect$$rtentry$$00000009  c_w.l(__rtentry2.o)
    0x08000246   0x08000246   0x00000004   Code   RO          978    .ARM.Collect$$rtentry$$0000000A  c_w.l(__rtentry2.o)
    0x0800024a   0x0800024a   0x00000000   Code   RO          980    .ARM.Collect$$rtentry$$0000000C  c_w.l(__rtentry2.o)
    0x0800024a   0x0800024a   0x00000008   Code   RO          981    .ARM.Collect$$rtentry$$0000000D  c_w.l(__rtentry2.o)
    0x08000252   0x08000252   0x00000002   Code   RO         1065    .ARM.Collect$$rtexit$$00000000  c_w.l(rtexit.o)
    0x08000254   0x08000254   0x00000000   Code   RO         1122    .ARM.Collect$$rtexit$$00000002  c_w.l(rtexit2.o)
    0x08000254   0x08000254   0x00000004   Code   RO         1123    .ARM.Collect$$rtexit$$00000003  c_w.l(rtexit2.o)
    0x08000258   0x08000258   0x00000006   Code   RO         1124    .ARM.Collect$$rtexit$$00000004  c_w.l(rtexit2.o)
    0x0800025e   0x0800025e   0x00000002   PAD
    0x08000260   0x08000260   0x00000040   Code   RO          826    .text               startup_stm32f10x_md.o
    0x080002a0   0x080002a0   0x0000002c   Code   RO          851    .text               c_w.l(sprintf.o)
    0x080002cc   0x080002cc   0x00000006   Code   RO          853    .text               c_w.l(heapauxi.o)
    0x080002d2   0x080002d2   0x0000004e   Code   RO          872    .text               c_w.l(_printf_pad.o)
    0x08000320   0x08000320   0x00000024   Code   RO          874    .text               c_w.l(_printf_truncate.o)
    0x08000344   0x08000344   0x00000052   Code   RO          876    .text               c_w.l(_printf_str.o)
    0x08000396   0x08000396   0x00000002   PAD
    0x08000398   0x08000398   0x00000078   Code   RO          878    .text               c_w.l(_printf_dec.o)
    0x08000410   0x08000410   0x00000028   Code   RO          880    .text               c_w.l(_printf_charcount.o)
    0x08000438   0x08000438   0x00000030   Code   RO          882    .text               c_w.l(_printf_char_common.o)
    0x08000468   0x08000468   0x0000000a   Code   RO          884    .text               c_w.l(_sputc.o)
    0x08000472   0x08000472   0x00000002   PAD
    0x08000474   0x08000474   0x000000bc   Code   RO          886    .text               c_w.l(_printf_wctomb.o)
    0x08000530   0x08000530   0x0000007c   Code   RO          889    .text               c_w.l(_printf_longlong_dec.o)
    0x080005ac   0x080005ac   0x00000070   Code   RO          895    .text               c_w.l(_printf_oct_int_ll.o)
    0x0800061c   0x0800061c   0x00000094   Code   RO          915    .text               c_w.l(_printf_hex_int_ll_ptr.o)
    0x080006b0   0x080006b0   0x00000188   Code   RO          935    .text               c_w.l(__printf_flags_ss_wp.o)
    0x08000838   0x08000838   0x0000008a   Code   RO          989    .text               c_w.l(lludiv10.o)
    0x080008c2   0x080008c2   0x000000b2   Code   RO          991    .text               c_w.l(_printf_intcommon.o)
    0x08000974   0x08000974   0x0000041c   Code   RO          993    .text               c_w.l(_printf_fp_dec.o)
    0x08000d90   0x08000d90   0x000002fc   Code   RO          997    .text               c_w.l(_printf_fp_hex.o)
    0x0800108c   0x0800108c   0x0000002c   Code   RO         1002    .text               c_w.l(_printf_char.o)
    0x080010b8   0x080010b8   0x0000002c   Code   RO         1004    .text               c_w.l(_printf_wchar.o)
    0x080010e4   0x080010e4   0x00000048   Code   RO         1007    .text               c_w.l(_c16rtomb.o)
    0x0800112c   0x0800112c   0x0000004a   Code   RO         1009    .text               c_w.l(sys_stackheap_outer.o)
    0x08001176   0x08001176   0x00000002   PAD
    0x08001178   0x08001178   0x00000010   Code   RO         1011    .text               c_w.l(rt_ctype_table.o)
    0x08001188   0x08001188   0x00000008   Code   RO         1016    .text               c_w.l(rt_locale_intlibspace.o)
    0x08001190   0x08001190   0x00000080   Code   RO         1018    .text               c_w.l(_printf_fp_infnan.o)
    0x08001210   0x08001210   0x000000e4   Code   RO         1020    .text               c_w.l(bigflt0.o)
    0x080012f4   0x080012f4   0x00000012   Code   RO         1050    .text               c_w.l(exit.o)
    0x08001306   0x08001306   0x00000002   PAD
    0x08001308   0x08001308   0x00000008   Code   RO         1062    .text               c_w.l(libspace.o)
    0x08001310   0x08001310   0x00000080   Code   RO         1072    .text               c_w.l(strcmpv7m.o)
    0x08001390   0x08001390   0x0000000c   Code   RO         1134    .text               c_w.l(sys_exit.o)
    0x0800139c   0x0800139c   0x00000002   Code   RO         1149    .text               c_w.l(use_no_semi.o)
    0x0800139e   0x0800139e   0x00000000   Code   RO         1151    .text               c_w.l(indicate_semi.o)
    0x0800139e   0x0800139e   0x00000002   PAD
    0x080013a0   0x080013a0   0x00000008   Code   RO          296    .text.DESELECT      fatfs_sd.o
    0x080013a8   0x080013a8   0x00000016   Code   RO          255    .text.FATFS_LinkDriver  ff_gen_drv.o
    0x080013be   0x080013be   0x00000002   PAD
    0x080013c0   0x080013c0   0x0000007c   Code   RO          253    .text.FATFS_LinkDriverEx  ff_gen_drv.o
    0x0800143c   0x0800143c   0x00000186   Code   RO          405    .text.GPIO_Init     stm32f10x_gpio.o
    0x080015c2   0x080015c2   0x00000002   PAD
    0x080015c4   0x080015c4   0x00000010   Code   RO           16    .text.InitSdcard    sdcard.o
    0x080015d4   0x080015d4   0x00000022   Code   RO          271    .text.MX_FATFS_Init  fatfs.o
    0x080015f6   0x080015f6   0x00000002   PAD
    0x080015f8   0x080015f8   0x00000038   Code   RO          488    .text.RCC_APB2PeriphClockCmd  stm32f10x_rcc.o
    0x08001630   0x08001630   0x0000000c   Code   RO          312    .text.SD_CheckPower  fatfs_sd.o
    0x0800163c   0x0800163c   0x0000000e   Code   RO          298    .text.SD_PowerOff   fatfs_sd.o
    0x0800164a   0x0800164a   0x00000002   PAD
    0x0800164c   0x0800164c   0x000000b8   Code   RO          288    .text.SD_PowerOn    fatfs_sd.o
    0x08001704   0x08001704   0x00000054   Code   RO          314    .text.SD_ReadyWait  fatfs_sd.o
    0x08001758   0x08001758   0x0000009a   Code   RO          304    .text.SD_RxDataBlock  fatfs_sd.o
    0x080017f2   0x080017f2   0x00000002   PAD
    0x080017f4   0x080017f4   0x000000da   Code   RO          292    .text.SD_SendCmd    fatfs_sd.o
    0x080018ce   0x080018ce   0x00000002   PAD
    0x080018d0   0x080018d0   0x000000d4   Code   RO          308    .text.SD_TxDataBlock  fatfs_sd.o
    0x080019a4   0x080019a4   0x00000242   Code   RO          286    .text.SD_disk_initialize  fatfs_sd.o
    0x08001be6   0x08001be6   0x00000002   PAD
    0x08001be8   0x08001be8   0x0000023e   Code   RO          310    .text.SD_disk_ioctl  fatfs_sd.o
    0x08001e26   0x08001e26   0x00000002   PAD
    0x08001e28   0x08001e28   0x000000e2   Code   RO          302    .text.SD_disk_read  fatfs_sd.o
    0x08001f0a   0x08001f0a   0x00000002   PAD
    0x08001f0c   0x08001f0c   0x0000002e   Code   RO          300    .text.SD_disk_status  fatfs_sd.o
    0x08001f3a   0x08001f3a   0x00000002   PAD
    0x08001f3c   0x08001f3c   0x00000126   Code   RO          306    .text.SD_disk_write  fatfs_sd.o
    0x08002062   0x08002062   0x00000002   PAD
    0x08002064   0x08002064   0x00000008   Code   RO          290    .text.SELECT        fatfs_sd.o
    0x0800206c   0x0800206c   0x0000002c   Code   RO          527    .text.SPI_Cmd       stm32f10x_spi.o
    0x08002098   0x08002098   0x00000068   Code   RO          519    .text.SPI_Init      stm32f10x_spi.o
    0x08002100   0x08002100   0x00000024   Code   RO          294    .text.SPI_RxByte    fatfs_sd.o
    0x08002124   0x08002124   0x00000012   Code   RO          318    .text.SPI_RxBytePtr  fatfs_sd.o
    0x08002136   0x08002136   0x00000002   PAD
    0x08002138   0x08002138   0x00000014   Code   RO          316    .text.SPI_TxByte    fatfs_sd.o
    0x0800214c   0x0800214c   0x00000072   Code   RO           38    .text.SdcardWriteAction  sdcard.o
    0x080021be   0x080021be   0x00000002   PAD
    0x080021c0   0x080021c0   0x00000008   Code   RO          835    .text.SetSysClock   system_stm32f10x.o
    0x080021c8   0x080021c8   0x00000122   Code   RO          839    .text.SetSysClockTo72  system_stm32f10x.o
    0x080022ea   0x080022ea   0x00000002   PAD
    0x080022ec   0x080022ec   0x0000000e   Code   RO           83    .text.SpiCsHigh     spi.o
    0x080022fa   0x080022fa   0x00000002   PAD
    0x080022fc   0x080022fc   0x0000000e   Code   RO           81    .text.SpiCsLow      spi.o
    0x0800230a   0x0800230a   0x00000002   PAD
    0x0800230c   0x0800230c   0x00000038   Code   RO           77    .text.SpiTransceiveByte  spi.o
    0x08002344   0x08002344   0x00000020   Code   RO          350    .text.SysTick_Handler  delay.o
    0x08002364   0x08002364   0x00000066   Code   RO          833    .text.SystemInit    system_stm32f10x.o
    0x080023ca   0x080023ca   0x00000002   PAD
    0x080023cc   0x080023cc   0x00000014   Code   RO          332    .text.USER_initialize  user_diskio.o
    0x080023e0   0x080023e0   0x00000020   Code   RO          340    .text.USER_ioctl    user_diskio.o
    0x08002400   0x08002400   0x00000020   Code   RO          336    .text.USER_read     user_diskio.o
    0x08002420   0x08002420   0x00000014   Code   RO          334    .text.USER_status   user_diskio.o
    0x08002434   0x08002434   0x00000020   Code   RO          338    .text.USER_write    user_diskio.o
    0x08002454   0x08002454   0x00000024   Code   RO           30    .text._closefile    sdcard.o
    0x08002478   0x08002478   0x00000068   Code   RO           18    .text._mountSdcard  sdcard.o
    0x080024e0   0x080024e0   0x00000092   Code   RO           28    .text._openfile     sdcard.o
    0x08002572   0x08002572   0x00000002   PAD
    0x08002574   0x08002574   0x00000062   Code   RO           22    .text._unmountSdcard  sdcard.o
    0x080025d6   0x080025d6   0x00000002   PAD
    0x080025d8   0x080025d8   0x00000014   Code   RO           24    .text._writeString  sdcard.o
    0x080025ec   0x080025ec   0x000000c4   Code   RO          215    .text.check_fs      ff.o
    0x080026b0   0x080026b0   0x0000003c   Code   RO          221    .text.chk_chr       ff.o
    0x080026ec   0x080026ec   0x0000011c   Code   RO          131    .text.chk_lock      ff.o
    0x08002808   0x08002808   0x0000002e   Code   RO           12    .text.clearBuffer   sdcard.o
    0x08002836   0x08002836   0x00000002   PAD
    0x08002838   0x08002838   0x00000050   Code   RO          123    .text.clear_lock    ff.o
    0x08002888   0x08002888   0x00000078   Code   RO          149    .text.clmt_clust    ff.o
    0x08002900   0x08002900   0x00000042   Code   RO          111    .text.clust2sect    ff.o
    0x08002942   0x08002942   0x00000002   PAD
    0x08002944   0x08002944   0x000000da   Code   RO          223    .text.cmp_lfn       ff.o
    0x08002a1e   0x08002a1e   0x00000002   PAD
    0x08002a20   0x08002a20   0x0000016e   Code   RO          155    .text.create_chain  ff.o
    0x08002b8e   0x08002b8e   0x00000002   PAD
    0x08002b90   0x08002b90   0x00000446   Code   RO          217    .text.create_name   ff.o
    0x08002fd6   0x08002fd6   0x00000002   PAD
    0x08002fd8   0x08002fd8   0x0000009e   Code   RO          163    .text.dec_lock      ff.o
    0x08003076   0x08003076   0x00000002   PAD
    0x08003078   0x08003078   0x000000ac   Code   RO          231    .text.dir_alloc     ff.o
    0x08003124   0x08003124   0x000001de   Code   RO          219    .text.dir_find      ff.o
    0x08003302   0x08003302   0x00000002   PAD
    0x08003304   0x08003304   0x0000026e   Code   RO          179    .text.dir_next      ff.o
    0x08003572   0x08003572   0x00000002   PAD
    0x08003574   0x08003574   0x0000024a   Code   RO          135    .text.dir_register  ff.o
    0x080037be   0x080037be   0x00000002   PAD
    0x080037c0   0x080037c0   0x00000198   Code   RO          169    .text.dir_sdi       ff.o
    0x08003958   0x08003958   0x00000050   Code   RO           94    .text.disk_initialize  diskio.o
    0x080039a8   0x080039a8   0x0000003a   Code   RO          100    .text.disk_ioctl    diskio.o
    0x080039e2   0x080039e2   0x00000002   PAD
    0x080039e4   0x080039e4   0x0000003c   Code   RO           96    .text.disk_read     diskio.o
    0x08003a20   0x08003a20   0x0000002e   Code   RO           92    .text.disk_status   diskio.o
    0x08003a4e   0x08003a4e   0x00000002   PAD
    0x08003a50   0x08003a50   0x0000003c   Code   RO           98    .text.disk_write    diskio.o
    0x08003a8c   0x08003a8c   0x0000004e   Code   RO          133    .text.enq_lock      ff.o
    0x08003ada   0x08003ada   0x00000002   PAD
    0x08003adc   0x08003adc   0x0000005a   Code   RO          161    .text.f_close       ff.o
    0x08003b36   0x08003b36   0x00000002   PAD
    0x08003b38   0x08003b38   0x000005cc   Code   RO          165    .text.f_lseek       ff.o
    0x08004104   0x08004104   0x000000ac   Code   RO          119    .text.f_mount       ff.o
    0x080041b0   0x080041b0   0x00000436   Code   RO          127    .text.f_open        ff.o
    0x080045e6   0x080045e6   0x00000002   PAD
    0x080045e8   0x080045e8   0x00000066   Code   RO          211    .text.f_puts        ff.o
    0x0800464e   0x0800464e   0x00000002   PAD
    0x08004650   0x08004650   0x00000154   Code   RO          157    .text.f_sync        ff.o
    0x080047a4   0x080047a4   0x00000428   Code   RO          153    .text.f_write       ff.o
    0x08004bcc   0x08004bcc   0x000000aa   Code   RO          370    .text.ff_convert    unicode.o
    0x08004c76   0x08004c76   0x00000002   PAD
    0x08004c78   0x08004c78   0x00000084   Code   RO          372    .text.ff_wtoupper   unicode.o
    0x08004cfc   0x08004cfc   0x0000057c   Code   RO          125    .text.find_volume   ff.o
    0x08005278   0x08005278   0x000000d4   Code   RO          233    .text.fit_lfn       ff.o
    0x0800534c   0x0800534c   0x000000fc   Code   RO          129    .text.follow_path   ff.o
    0x08005448   0x08005448   0x00000148   Code   RO          229    .text.gen_numname   ff.o
    0x08005590   0x08005590   0x0000018e   Code   RO          113    .text.get_fat       ff.o
    0x0800571e   0x0800571e   0x00000002   PAD
    0x08005720   0x08005720   0x00000004   Code   RO          273    .text.get_fattime   fatfs.o
    0x08005724   0x08005724   0x000000a8   Code   RO          121    .text.get_ldnumber  ff.o
    0x080057cc   0x080057cc   0x0000019c   Code   RO          143    .text.inc_lock      ff.o
    0x08005968   0x08005968   0x0000005c   Code   RO           54    .text.initGpio      gpio.o
    0x080059c4   0x080059c4   0x000000a6   Code   RO           73    .text.initSpi       spi.o
    0x08005a6a   0x08005a6a   0x00000002   PAD
    0x08005a6c   0x08005a6c   0x00000020   Code   RO           14    .text.insertBuffer  sdcard.o
    0x08005a8c   0x08005a8c   0x00000034   Code   RO          137    .text.ld_clust      ff.o
    0x08005ac0   0x08005ac0   0x00000024   Code   RO            2    .text.main          main.o
    0x08005ae4   0x08005ae4   0x00000052   Code   RO          227    .text.mem_cmp       ff.o
    0x08005b36   0x08005b36   0x00000002   PAD
    0x08005b38   0x08005b38   0x00000032   Code   RO          151    .text.mem_cpy       ff.o
    0x08005b6a   0x08005b6a   0x00000002   PAD
    0x08005b6c   0x08005b6c   0x00000028   Code   RO          195    .text.mem_set       ff.o
    0x08005b94   0x08005b94   0x00000068   Code   RO          115    .text.move_window   ff.o
    0x08005bfc   0x08005bfc   0x0000023c   Code   RO          117    .text.put_fat       ff.o
    0x08005e38   0x08005e38   0x0000007a   Code   RO          209    .text.putc_bfd      ff.o
    0x08005eb2   0x08005eb2   0x00000002   PAD
    0x08005eb4   0x08005eb4   0x000000c4   Code   RO          141    .text.remove_chain  ff.o
    0x08005f78   0x08005f78   0x0000000c   Code   RO           20    .text.sdcardErrorHandle  sdcard.o
    0x08005f84   0x08005f84   0x00000028   Code   RO          139    .text.st_clust      ff.o
    0x08005fac   0x08005fac   0x0000003e   Code   RO          225    .text.sum_sfn       ff.o
    0x08005fea   0x08005fea   0x00000002   PAD
    0x08005fec   0x08005fec   0x00000136   Code   RO          159    .text.sync_fs       ff.o
    0x08006122   0x08006122   0x00000002   PAD
    0x08006124   0x08006124   0x000000ac   Code   RO          193    .text.sync_window   ff.o
    0x080061d0   0x080061d0   0x00000074   Code   RO          147    .text.validate      ff.o
    0x08006244   0x08006244   0x0000003e   Code   RO         1023    CL$$btod_d2e        c_w.l(btod.o)
    0x08006282   0x08006282   0x00000046   Code   RO         1025    CL$$btod_d2e_denorm_low  c_w.l(btod.o)
    0x080062c8   0x080062c8   0x00000060   Code   RO         1024    CL$$btod_d2e_norm_op1  c_w.l(btod.o)
    0x08006328   0x08006328   0x00000338   Code   RO         1033    CL$$btod_div_common  c_w.l(btod.o)
    0x08006660   0x08006660   0x000000dc   Code   RO         1030    CL$$btod_e2e        c_w.l(btod.o)
    0x0800673c   0x0800673c   0x0000002a   Code   RO         1027    CL$$btod_ediv       c_w.l(btod.o)
    0x08006766   0x08006766   0x0000002a   Code   RO         1026    CL$$btod_emul       c_w.l(btod.o)
    0x08006790   0x08006790   0x00000244   Code   RO         1032    CL$$btod_mult_common  c_w.l(btod.o)
    0x080069d4   0x080069d4   0x00000028   Code   RO         1060    i.__ARM_fpclassify  m_ws.l(fpclassify.o)
    0x080069fc   0x080069fc   0x0000000e   Code   RO          928    i._is_digit         c_w.l(__printf_wp.o)
    0x08006a0a   0x08006a0a   0x00000002   PAD
    0x08006a0c   0x08006a0c   0x0000002c   Code   RO         1048    locale$$code        c_w.l(lc_numeric_c.o)
    0x08006a38   0x08006a38   0x0000002c   Code   RO         1070    locale$$code        c_w.l(lc_ctype_c.o)
    0x08006a64   0x08006a64   0x00000004   Code   RO          965    x$fpl$printf1       fz_ws.l(printf1.o)
    0x08006a68   0x08006a68   0x00000004   Code   RO          967    x$fpl$printf2       fz_ws.l(printf2.o)
    0x08006a6c   0x08006a6c   0x00000000   Code   RO          973    x$fpl$usenofp       fz_ws.l(usenofp.o)
    0x08006a6c   0x08006a6c   0x00000008   Data   RO          887    .constdata          c_w.l(_printf_wctomb.o)
    0x08006a74   0x08006a74   0x00000028   Data   RO          916    .constdata          c_w.l(_printf_hex_int_ll_ptr.o)
    0x08006a9c   0x08006a9c   0x00000011   Data   RO          936    .constdata          c_w.l(__printf_flags_ss_wp.o)
    0x08006aad   0x08006aad   0x00000026   Data   RO          998    .constdata          c_w.l(_printf_fp_hex.o)
    0x08006ad3   0x08006ad3   0x00000001   PAD
    0x08006ad4   0x08006ad4   0x00000094   Data   RO         1021    .constdata          c_w.l(bigflt0.o)
    0x08006b68   0x08006b68   0x00000080   Data   RO          244    .rodata.ExCvt       ff.o
    0x08006be8   0x08006be8   0x0000000d   Data   RO          245    .rodata.LfnOfs      ff.o
    0x08006bf5   0x08006bf5   0x00000001   PAD
    0x08006bf6   0x08006bf6   0x00000100   Data   RO          374    .rodata.Tbl         unicode.o
    0x08006cf6   0x08006cf6   0x000001e0   Data   RO          375    .rodata.ff_wtoupper.tbl_lower  unicode.o
    0x08006ed6   0x08006ed6   0x000001e0   Data   RO          376    .rodata.ff_wtoupper.tbl_upper  unicode.o
    0x080070b6   0x080070b6   0x00000012   Data   RO            4    .rodata.str1.1      main.o
    0x080070c8   0x080070c8   0x000000bc   Data   RO           43    .rodata.str1.1      sdcard.o
    0x08007184   0x08007184   0x00000044   Data   RO          241    .rodata.str1.1      ff.o
    0x080071c8   0x080071c8   0x00000020   Data   RO         1207    Region$$Table       anon$$obj.o
    0x080071e8   0x080071e8   0x0000001c   Data   RO         1047    locale$$data        c_w.l(lc_numeric_c.o)
    0x08007204   0x08007204   0x00000110   Data   RO         1069    locale$$data        c_w.l(lc_ctype_c.o)


    Execution Region RW_IRAM1 (Exec base: 0x20000000, Load base: 0x08007318, Size: 0x00001ae8, Max: 0x00005000, ABSOLUTE)

    Exec Addr    Load Addr    Size         Type   Attr      Idx    E Section Name        Object

    0x20000000   0x08007318   0x00000001   Data   RW          320    .data.Stat          fatfs_sd.o
    0x20000001   0x08007319   0x00000003   PAD
    0x20000004   0x0800731c   0x00000014   Data   RW          342    .data.USER_Driver   user_diskio.o
    0x20000018        -       0x00000060   Zero   RW         1063    .bss                c_w.l(libspace.o)
    0x20000078        -       0x00000200   Zero   RW           42    .bss.Buffer         sdcard.o
    0x20000278        -       0x00000001   Zero   RW          322    .bss.CardType       fatfs_sd.o
    0x20000279   0x08007330   0x00000003   PAD
    0x2000027c        -       0x00000004   Zero   RW          237    .bss.FatFs          ff.o
    0x20000280        -       0x00000018   Zero   RW          242    .bss.Files          ff.o
    0x20000298        -       0x00000002   Zero   RW          243    .bss.Fsid           ff.o
    0x2000029a        -       0x00000200   Zero   RW          238    .bss.LfnBuf         ff.o
    0x2000049a        -       0x00000001   Zero   RW          324    .bss.PowerFlag      fatfs_sd.o
    0x2000049b        -       0x00000001   Zero   RW          321    .bss.Timer1         fatfs_sd.o
    0x2000049c        -       0x00000001   Zero   RW          323    .bss.Timer2         fatfs_sd.o
    0x2000049d        -       0x00000004   Zero   RW          275    .bss.USERPath       fatfs.o
    0x200004a1   0x08007330   0x00000003   PAD
    0x200004a4        -       0x0000000c   Zero   RW          263    .bss.disk           ff_gen_drv.o
    0x200004b0        -       0x00001030   Zero   RW           44    .bss.fatfs          sdcard.o
    0x200014e0        -       0x00000001   Zero   RW          276    .bss.retUSER        fatfs.o
    0x200014e1        -       0x00000001   Zero   RW           40    .bss.state_mount    sdcard.o
    0x200014e2        -       0x00000001   Zero   RW           41    .bss.state_unmount  sdcard.o
    0x200014e3   0x08007330   0x00000001   PAD
    0x200014e4        -       0x00000004   Zero   RW          362    .bss.usTicks        delay.o
    0x200014e8        -       0x00000200   Zero   RW          824    HEAP                startup_stm32f10x_md.o
    0x200016e8        -       0x00000400   Zero   RW          823    STACK               startup_stm32f10x_md.o


==============================================================================

Image component sizes


      Code (inc. data)   RO Data    RW Data    ZI Data      Debug   Object Name

        32          0          0          0          4       3749   delay.o
       304          0          0          0          0       1764   diskio.o
        38          0          0          0          5       1918   fatfs.o
      2686         14          0          1          4       5687   fatfs_sd.o
     14408          0        209          0        542      34068   ff.o
       146          0          0          0         12       2268   ff_gen_drv.o
        92          0          0          0          0       2482   gpio.o
        36          0         18          0          0        525   main.o
       624          0        188          0       4658       5225   sdcard.o
       250          0          0          0          0       3041   spi.o
        64         26        236          0       1536        840   startup_stm32f10x_md.o
       390          0          0          0          0       5701   stm32f10x_gpio.o
        56          0          0          0          0       7029   stm32f10x_rcc.o
       148          0          0          0          0       6613   stm32f10x_spi.o
       400          0          0          0          0       2866   system_stm32f10x.o
       302          0       1216          0          0       1245   unicode.o
       136          0          0         20          0       1868   user_diskio.o

    ----------------------------------------------------------------------
     20196         40       1900         24       6768      86889   Object Totals
         0          0         32          0          0          0   (incl. Generated)
        84          0          1          3          7          0   (incl. Padding)

    ----------------------------------------------------------------------

      Code (inc. data)   RO Data    RW Data    ZI Data      Debug   Library Member Name

         8          0          0          0          0         68   __main.o
       392          4         17          0          0         92   __printf_flags_ss_wp.o
        14          0          0          0          0         68   __printf_wp.o
         0          0          0          0          0          0   __rtentry.o
        12          0          0          0          0          0   __rtentry2.o
         6          0          0          0          0          0   __rtentry4.o
        94          8          0          0          0          0   __scatter.o
        26          0          0          0          0          0   __scatter_copy.o
        28          0          0          0          0          0   __scatter_zi.o
        72          0          0          0          0         96   _c16rtomb.o
         6          0          0          0          0          0   _printf_a.o
         6          0          0          0          0          0   _printf_c.o
        44          0          0          0          0        108   _printf_char.o
        48          6          0          0          0         96   _printf_char_common.o
        40          0          0          0          0         68   _printf_charcount.o
         6          0          0          0          0          0   _printf_d.o
       120         16          0          0          0         92   _printf_dec.o
         6          0          0          0          0          0   _printf_e.o
         6          0          0          0          0          0   _printf_f.o
      1052          0          0          0          0        148   _printf_fp_dec.o
       764          8         38          0          0        100   _printf_fp_hex.o
       128         16          0          0          0         84   _printf_fp_infnan.o
         6          0          0          0          0          0   _printf_g.o
       148          4         40          0          0        160   _printf_hex_int_ll_ptr.o
         6          0          0          0          0          0   _printf_i.o
       178          0          0          0          0         88   _printf_intcommon.o
        10          0          0          0          0          0   _printf_l.o
         6          0          0          0          0          0   _printf_lc.o
        10          0          0          0          0          0   _printf_ll.o
         6          0          0          0          0          0   _printf_lld.o
         6          0          0          0          0          0   _printf_lli.o
         6          0          0          0          0          0   _printf_llo.o
         6          0          0          0          0          0   _printf_llu.o
         6          0          0          0          0          0   _printf_llx.o
       124         16          0          0          0         92   _printf_longlong_dec.o
         6          0          0          0          0          0   _printf_ls.o
         6          0          0          0          0          0   _printf_n.o
         6          0          0          0          0          0   _printf_o.o
       112          8          0          0          0        124   _printf_oct_int_ll.o
         6          0          0          0          0          0   _printf_p.o
        78          0          0          0          0        108   _printf_pad.o
         0          0          0          0          0          0   _printf_percent.o
         4          0          0          0          0          0   _printf_percent_end.o
         6          0          0          0          0          0   _printf_s.o
        82          0          0          0          0         80   _printf_str.o
        36          0          0          0          0         84   _printf_truncate.o
         6          0          0          0          0          0   _printf_u.o
        44          0          0          0          0        108   _printf_wchar.o
       188          6          8          0          0         92   _printf_wctomb.o
         6          0          0          0          0          0   _printf_x.o
        10          0          0          0          0         68   _sputc.o
       228          4        148          0          0         96   bigflt0.o
      1936        128          0          0          0        668   btod.o
        18          0          0          0          0         80   exit.o
         6          0          0          0          0        152   heapauxi.o
         0          0          0          0          0          0   indicate_semi.o
        44         10        272          0          0         76   lc_ctype_c.o
        44         10         28          0          0         76   lc_numeric_c.o
         2          0          0          0          0          0   libinit.o
        30          0          0          0          0          0   libinit2.o
         2          0          0          0          0          0   libshutdown.o
         2          0          0          0          0          0   libshutdown2.o
         8          4          0          0         96         68   libspace.o
       138          0          0          0          0         80   lludiv10.o
        16          4          0          0          0         76   rt_ctype_table.o
         8          4          0          0          0         68   rt_locale_intlibspace.o
         2          0          0          0          0          0   rtexit.o
        10          0          0          0          0          0   rtexit2.o
        44          6          0          0          0         84   sprintf.o
       128          0          0          0          0         68   strcmpv7m.o
        12          4          0          0          0         68   sys_exit.o
        74          0          0          0          0         80   sys_stackheap_outer.o
         2          0          0          0          0         68   use_no_semi.o
         4          0          0          0          0         68   printf1.o
         4          0          0          0          0         68   printf2.o
         0          0          0          0          0          0   usenofp.o
        40          0          0          0          0         68   fpclassify.o

    ----------------------------------------------------------------------
      6812        266        552          0         96       4036   Library Totals
        18          0          1          0          0          0   (incl. Padding)

    ----------------------------------------------------------------------

      Code (inc. data)   RO Data    RW Data    ZI Data      Debug   Library Name

      6746        266        551          0         96       3832   c_w.l
         8          0          0          0          0        136   fz_ws.l
        40          0          0          0          0         68   m_ws.l

    ----------------------------------------------------------------------
      6812        266        552          0         96       4036   Library Totals

    ----------------------------------------------------------------------

==============================================================================


      Code (inc. data)   RO Data    RW Data    ZI Data      Debug   

     27008        306       2452         24       6864      88557   Grand Totals
     27008        306       2452         24       6864      88557   ELF Image Totals
     27008        306       2452         24          0          0   ROM Totals

==============================================================================

    Total RO  Size (Code + RO Data)                29460 (  28.77kB)
    Total RW  Size (RW Data + ZI Data)              6888 (   6.73kB)
    Total ROM Size (Code + RO Data + RW Data)      29484 (  28.79kB)

==============================================================================

